<html>
<body>
<pre>
<h1>µVision Build Log</h1>
<h2>Tool Versions:</h2>
IDE-Version: µVision V5.28.0.0
Copyright (C) 2019 ARM Ltd and ARM Germany GmbH. All rights reserved.
License Information: yix l, yim, LIC=4ZLNN-YKNN4-484FA-1WB38-SV4Y1-LN1PX
 
Tool Versions:
Toolchain:       MDK-ARM Professional  Version: 5.28.0.0
Toolchain Path:  C:\Keil_v5\ARM\ARMCC\Bin
C Compiler:      Armcc.exe V5.06 update 6 (build 750)
Assembler:       Armasm.exe V5.06 update 6 (build 750)
Linker/Locator:  ArmLink.exe V5.06 update 6 (build 750)
Library Manager: ArmAr.exe V5.06 update 6 (build 750)
Hex Converter:   FromElf.exe V5.06 update 6 (build 750)
CPU DLL:         SARMCM3.DLL V5.28.0.0
Dialog DLL:      DCM.DLL V1.17.3.0
Target DLL:      STLink\ST-LINKIII-KEIL_SWO.dll V3.0.6.0
Dialog DLL:      TCM.DLL V1.36.2.0
 
<h2>Project:</h2>
C:\code\uC\PMU_Controller\MDK-ARM\PMU_controller.uvprojx
Project File Date:  07/28/2022

<h2>Output:</h2>
*** Using Compiler 'V5.06 update 6 (build 750)', folder: 'C:\Keil_v5\ARM\ARMCC\Bin'
Build target 'PMU_controller'
compiling AD5522.c...
..\Core\Src\AD5522.c(14): warning:  #940-D: missing return statement at end of non-void function "AD5522_init" 
  }
..\Core\Src\AD5522.c(18): warning:  #188-D: enumerated type mixed with another type
  	HAL_GPIO_WritePin(PMU_CS_GPIO_Port,PMU_CS_Pin,0);
..\Core\Src\AD5522.c(22): warning:  #188-D: enumerated type mixed with another type
  	HAL_GPIO_WritePin(PMU_CS_GPIO_Port,PMU_CS_Pin,1);
..\Core\Src\AD5522.c(31): warning:  #188-D: enumerated type mixed with another type
  	HAL_GPIO_WritePin(PMU_CS_GPIO_Port,PMU_CS_Pin,0);
..\Core\Src\AD5522.c(35): warning:  #188-D: enumerated type mixed with another type
  	HAL_GPIO_WritePin(PMU_CS_GPIO_Port,PMU_CS_Pin,1);
..\Core\Src\AD5522.c(37): warning:  #188-D: enumerated type mixed with another type
  	HAL_GPIO_WritePin(PMU_CS_GPIO_Port,PMU_CS_Pin,0);
..\Core\Src\AD5522.c(41): warning:  #188-D: enumerated type mixed with another type
  	HAL_GPIO_WritePin(PMU_CS_GPIO_Port,PMU_CS_Pin,1);
..\Core\Src\AD5522.c(51): warning:  #940-D: missing return statement at end of non-void function "AD5522_SetSystemControl" 
  }
..\Core\Src\AD5522.c(115): warning:  #940-D: missing return statement at end of non-void function "AD5522_StartFV_2CH" 
  }
..\Core\Src\AD5522.c(119): warning:  #940-D: missing return statement at end of non-void function "AD5522_StartFI_2CH" 
  }
..\Core\Src\AD5522.c(136): warning:  #940-D: missing return statement at end of non-void function "AD5522_StartHiZMV" 
  }
..\Core\Src\AD5522.c(155): warning:  #940-D: missing return statement at end of non-void function "AD5522_StartFVMI" 
  }
..\Core\Src\AD5522.c(173): warning:  #940-D: missing return statement at end of non-void function "AD5522_StartFIMV" 
  }
..\Core\Src\AD5522.c(197): warning:  #940-D: missing return statement at end of non-void function "AD5522_StartFVMV" 
  }
..\Core\Src\AD5522.c(221): warning:  #940-D: missing return statement at end of non-void function "AD5522_StartFIMI" 
  }
..\Core\Src\AD5522.c(233): warning:  #940-D: missing return statement at end of non-void function "AD5522_SetOutputVoltage" 
  }
..\Core\Src\AD5522.c(247): warning:  #940-D: missing return statement at end of non-void function "AD5522_SetOutputCurrent" 
  }
..\Core\Src\AD5522.c: 17 warnings, 0 errors
linking...
Program Size: Code=23374 RO-data=762 RW-data=40044 ZI-data=5084  
FromELF: creating hex file...
"PMU_controller\PMU_controller.axf" - 0 Error(s), 17 Warning(s).

<h2>Software Packages used:</h2>

Package Vendor: ARM
                http://www.keil.com/pack/ARM.CMSIS.5.7.0.pack
                ARM.CMSIS.5.7.0
                CMSIS (Cortex Microcontroller Software Interface Standard)
   * Component: CORE Version: 5.4.0

Package Vendor: Keil
                https://www.keil.com/pack/Keil.STM32H7xx_DFP.2.6.0.pack
                Keil.STM32H7xx_DFP.2.6.0
                STMicroelectronics STM32H7 Series Device Support and Examples

<h2>Collection of Component include folders:</h2>
  .\RTE\_PMU_controller
  C:\Users\aeria\AppData\Local\Arm\Packs\ARM\CMSIS\5.7.0\CMSIS\Core\Include
  C:\Users\aeria\AppData\Local\Arm\Packs\Keil\STM32H7xx_DFP\2.6.0\Drivers\CMSIS\Device\ST\STM32H7xx\Include

<h2>Collection of Component Files used:</h2>

   * Component: ARM::CMSIS:CORE:5.4.0
      Include file:  CMSIS\Core\Include\tz_context.h
Build Time Elapsed:  00:00:14
</pre>
</body>
</html>
