<!doctype html public "-//w3c//dtd html 4.0 transitional//en">
<html><head>
<title>Static Call Graph - [PMU_controller_STM32U5\PMU_controller_STM32U5.axf]</title></head>
<body><HR>
<H1>Static Call Graph for image PMU_controller_STM32U5\PMU_controller_STM32U5.axf</H1><HR>
<BR><P>#&#060CALLGRAPH&#062# ARM Linker, 6160001: Last Updated: Wed Aug 10 03:00:26 2022
<BR><P>
<H3>Maximum Stack Usage =        568 bytes + Unknown(Cycles, Untraceable Function Pointers)</H3><H3>
Call chain for Maximum Stack Depth:</H3>
__rt_entry_main &rArr; main &rArr; AD5522_SetClamp_float &rArr; __hardfp_pow &rArr; sqrt &rArr; _dsqrt &rArr; __fpl_dnaninf
<P>
<H3>
Mutually Recursive functions
</H3> <LI><a href="#[6]">SecureFault_Handler</a>&nbsp;&nbsp;&nbsp;&rArr;&nbsp;&nbsp;&nbsp;<a href="#[6]">SecureFault_Handler</a><BR>
 <LI><a href="#[77]">ADC4_IRQHandler</a>&nbsp;&nbsp;&nbsp;&rArr;&nbsp;&nbsp;&nbsp;<a href="#[77]">ADC4_IRQHandler</a><BR>
</UL>
<P>
<H3>
Function Pointers
</H3><UL>
 <LI><a href="#[2f]">ADC1_IRQHandler</a> from stm32u5xx_it.o(.text.ADC1_IRQHandler) referenced from startup_stm32u575xx.o(RESET)
 <LI><a href="#[77]">ADC4_IRQHandler</a> from startup_stm32u575xx.o(.text) referenced from startup_stm32u575xx.o(RESET)
 <LI><a href="#[76]">ADF1_IRQHandler</a> from startup_stm32u575xx.o(.text) referenced from startup_stm32u575xx.o(RESET)
 <LI><a href="#[4]">BusFault_Handler</a> from stm32u5xx_it.o(.text.BusFault_Handler) referenced from startup_stm32u575xx.o(RESET)
 <LI><a href="#[52]">COMP_IRQHandler</a> from startup_stm32u575xx.o(.text) referenced from startup_stm32u575xx.o(RESET)
 <LI><a href="#[81]">CORDIC_IRQHandler</a> from startup_stm32u575xx.o(.text) referenced from startup_stm32u575xx.o(RESET)
 <LI><a href="#[54]">CRS_IRQHandler</a> from startup_stm32u575xx.o(.text) referenced from startup_stm32u575xx.o(RESET)
 <LI><a href="#[30]">DAC1_IRQHandler</a> from startup_stm32u575xx.o(.text) referenced from startup_stm32u575xx.o(RESET)
 <LI><a href="#[75]">DCACHE1_IRQHandler</a> from startup_stm32u575xx.o(.text) referenced from startup_stm32u575xx.o(RESET)
 <LI><a href="#[7d]">DCMI_PSSI_IRQHandler</a> from startup_stm32u575xx.o(.text) referenced from startup_stm32u575xx.o(RESET)
 <LI><a href="#[7c]">DMA2D_IRQHandler</a> from startup_stm32u575xx.o(.text) referenced from startup_stm32u575xx.o(RESET)
 <LI><a href="#[8]">DebugMon_Handler</a> from stm32u5xx_it.o(.text.DebugMon_Handler) referenced from startup_stm32u575xx.o(RESET)
 <LI><a href="#[16]">EXTI0_IRQHandler</a> from startup_stm32u575xx.o(.text) referenced from startup_stm32u575xx.o(RESET)
 <LI><a href="#[20]">EXTI10_IRQHandler</a> from startup_stm32u575xx.o(.text) referenced from startup_stm32u575xx.o(RESET)
 <LI><a href="#[21]">EXTI11_IRQHandler</a> from startup_stm32u575xx.o(.text) referenced from startup_stm32u575xx.o(RESET)
 <LI><a href="#[22]">EXTI12_IRQHandler</a> from startup_stm32u575xx.o(.text) referenced from startup_stm32u575xx.o(RESET)
 <LI><a href="#[23]">EXTI13_IRQHandler</a> from startup_stm32u575xx.o(.text) referenced from startup_stm32u575xx.o(RESET)
 <LI><a href="#[24]">EXTI14_IRQHandler</a> from startup_stm32u575xx.o(.text) referenced from startup_stm32u575xx.o(RESET)
 <LI><a href="#[25]">EXTI15_IRQHandler</a> from startup_stm32u575xx.o(.text) referenced from startup_stm32u575xx.o(RESET)
 <LI><a href="#[17]">EXTI1_IRQHandler</a> from startup_stm32u575xx.o(.text) referenced from startup_stm32u575xx.o(RESET)
 <LI><a href="#[18]">EXTI2_IRQHandler</a> from startup_stm32u575xx.o(.text) referenced from startup_stm32u575xx.o(RESET)
 <LI><a href="#[19]">EXTI3_IRQHandler</a> from startup_stm32u575xx.o(.text) referenced from startup_stm32u575xx.o(RESET)
 <LI><a href="#[1a]">EXTI4_IRQHandler</a> from startup_stm32u575xx.o(.text) referenced from startup_stm32u575xx.o(RESET)
 <LI><a href="#[1b]">EXTI5_IRQHandler</a> from startup_stm32u575xx.o(.text) referenced from startup_stm32u575xx.o(RESET)
 <LI><a href="#[1c]">EXTI6_IRQHandler</a> from startup_stm32u575xx.o(.text) referenced from startup_stm32u575xx.o(RESET)
 <LI><a href="#[1d]">EXTI7_IRQHandler</a> from startup_stm32u575xx.o(.text) referenced from startup_stm32u575xx.o(RESET)
 <LI><a href="#[1e]">EXTI8_IRQHandler</a> from startup_stm32u575xx.o(.text) referenced from startup_stm32u575xx.o(RESET)
 <LI><a href="#[1f]">EXTI9_IRQHandler</a> from startup_stm32u575xx.o(.text) referenced from startup_stm32u575xx.o(RESET)
 <LI><a href="#[31]">FDCAN1_IT0_IRQHandler</a> from startup_stm32u575xx.o(.text) referenced from startup_stm32u575xx.o(RESET)
 <LI><a href="#[32]">FDCAN1_IT1_IRQHandler</a> from startup_stm32u575xx.o(.text) referenced from startup_stm32u575xx.o(RESET)
 <LI><a href="#[11]">FLASH_IRQHandler</a> from startup_stm32u575xx.o(.text) referenced from startup_stm32u575xx.o(RESET)
 <LI><a href="#[12]">FLASH_S_IRQHandler</a> from startup_stm32u575xx.o(.text) referenced from startup_stm32u575xx.o(RESET)
 <LI><a href="#[82]">FMAC_IRQHandler</a> from startup_stm32u575xx.o(.text) referenced from startup_stm32u575xx.o(RESET)
 <LI><a href="#[55]">FMC_IRQHandler</a> from startup_stm32u575xx.o(.text) referenced from startup_stm32u575xx.o(RESET)
 <LI><a href="#[68]">FPU_IRQHandler</a> from startup_stm32u575xx.o(.text) referenced from startup_stm32u575xx.o(RESET)
 <LI><a href="#[27]">GPDMA1_Channel0_IRQHandler</a> from startup_stm32u575xx.o(.text) referenced from startup_stm32u575xx.o(RESET)
 <LI><a href="#[5c]">GPDMA1_Channel10_IRQHandler</a> from stm32u5xx_it.o(.text.GPDMA1_Channel10_IRQHandler) referenced from startup_stm32u575xx.o(RESET)
 <LI><a href="#[5d]">GPDMA1_Channel11_IRQHandler</a> from startup_stm32u575xx.o(.text) referenced from startup_stm32u575xx.o(RESET)
 <LI><a href="#[5e]">GPDMA1_Channel12_IRQHandler</a> from startup_stm32u575xx.o(.text) referenced from startup_stm32u575xx.o(RESET)
 <LI><a href="#[5f]">GPDMA1_Channel13_IRQHandler</a> from startup_stm32u575xx.o(.text) referenced from startup_stm32u575xx.o(RESET)
 <LI><a href="#[60]">GPDMA1_Channel14_IRQHandler</a> from startup_stm32u575xx.o(.text) referenced from startup_stm32u575xx.o(RESET)
 <LI><a href="#[61]">GPDMA1_Channel15_IRQHandler</a> from startup_stm32u575xx.o(.text) referenced from startup_stm32u575xx.o(RESET)
 <LI><a href="#[28]">GPDMA1_Channel1_IRQHandler</a> from startup_stm32u575xx.o(.text) referenced from startup_stm32u575xx.o(RESET)
 <LI><a href="#[29]">GPDMA1_Channel2_IRQHandler</a> from startup_stm32u575xx.o(.text) referenced from startup_stm32u575xx.o(RESET)
 <LI><a href="#[2a]">GPDMA1_Channel3_IRQHandler</a> from startup_stm32u575xx.o(.text) referenced from startup_stm32u575xx.o(RESET)
 <LI><a href="#[2b]">GPDMA1_Channel4_IRQHandler</a> from startup_stm32u575xx.o(.text) referenced from startup_stm32u575xx.o(RESET)
 <LI><a href="#[2c]">GPDMA1_Channel5_IRQHandler</a> from startup_stm32u575xx.o(.text) referenced from startup_stm32u575xx.o(RESET)
 <LI><a href="#[2d]">GPDMA1_Channel6_IRQHandler</a> from startup_stm32u575xx.o(.text) referenced from startup_stm32u575xx.o(RESET)
 <LI><a href="#[2e]">GPDMA1_Channel7_IRQHandler</a> from startup_stm32u575xx.o(.text) referenced from startup_stm32u575xx.o(RESET)
 <LI><a href="#[5a]">GPDMA1_Channel8_IRQHandler</a> from startup_stm32u575xx.o(.text) referenced from startup_stm32u575xx.o(RESET)
 <LI><a href="#[5b]">GPDMA1_Channel9_IRQHandler</a> from startup_stm32u575xx.o(.text) referenced from startup_stm32u575xx.o(RESET)
 <LI><a href="#[13]">GTZC_IRQHandler</a> from startup_stm32u575xx.o(.text) referenced from startup_stm32u575xx.o(RESET)
 <LI><a href="#[69]">HASH_IRQHandler</a> from startup_stm32u575xx.o(.text) referenced from startup_stm32u575xx.o(RESET)
 <LI><a href="#[2]">HardFault_Handler</a> from stm32u5xx_it.o(.text.HardFault_Handler) referenced from startup_stm32u575xx.o(RESET)
 <LI><a href="#[42]">I2C1_ER_IRQHandler</a> from startup_stm32u575xx.o(.text) referenced from startup_stm32u575xx.o(RESET)
 <LI><a href="#[41]">I2C1_EV_IRQHandler</a> from startup_stm32u575xx.o(.text) referenced from startup_stm32u575xx.o(RESET)
 <LI><a href="#[44]">I2C2_ER_IRQHandler</a> from startup_stm32u575xx.o(.text) referenced from startup_stm32u575xx.o(RESET)
 <LI><a href="#[43]">I2C2_EV_IRQHandler</a> from startup_stm32u575xx.o(.text) referenced from startup_stm32u575xx.o(RESET)
 <LI><a href="#[63]">I2C3_ER_IRQHandler</a> from startup_stm32u575xx.o(.text) referenced from startup_stm32u575xx.o(RESET)
 <LI><a href="#[62]">I2C3_EV_IRQHandler</a> from startup_stm32u575xx.o(.text) referenced from startup_stm32u575xx.o(RESET)
 <LI><a href="#[6c]">I2C4_ER_IRQHandler</a> from startup_stm32u575xx.o(.text) referenced from startup_stm32u575xx.o(RESET)
 <LI><a href="#[6d]">I2C4_EV_IRQHandler</a> from startup_stm32u575xx.o(.text) referenced from startup_stm32u575xx.o(RESET)
 <LI><a href="#[73]">ICACHE_IRQHandler</a> from startup_stm32u575xx.o(.text) referenced from startup_stm32u575xx.o(RESET)
 <LI><a href="#[26]">IWDG_IRQHandler</a> from startup_stm32u575xx.o(.text) referenced from startup_stm32u575xx.o(RESET)
 <LI><a href="#[78]">LPDMA1_Channel0_IRQHandler</a> from startup_stm32u575xx.o(.text) referenced from startup_stm32u575xx.o(RESET)
 <LI><a href="#[79]">LPDMA1_Channel1_IRQHandler</a> from startup_stm32u575xx.o(.text) referenced from startup_stm32u575xx.o(RESET)
 <LI><a href="#[7a]">LPDMA1_Channel2_IRQHandler</a> from startup_stm32u575xx.o(.text) referenced from startup_stm32u575xx.o(RESET)
 <LI><a href="#[7b]">LPDMA1_Channel3_IRQHandler</a> from startup_stm32u575xx.o(.text) referenced from startup_stm32u575xx.o(RESET)
 <LI><a href="#[4d]">LPTIM1_IRQHandler</a> from startup_stm32u575xx.o(.text) referenced from startup_stm32u575xx.o(RESET)
 <LI><a href="#[4e]">LPTIM2_IRQHandler</a> from startup_stm32u575xx.o(.text) referenced from startup_stm32u575xx.o(RESET)
 <LI><a href="#[6a]">LPTIM3_IRQHandler</a> from startup_stm32u575xx.o(.text) referenced from startup_stm32u575xx.o(RESET)
 <LI><a href="#[74]">LPTIM4_IRQHandler</a> from startup_stm32u575xx.o(.text) referenced from startup_stm32u575xx.o(RESET)
 <LI><a href="#[4c]">LPUART1_IRQHandler</a> from startup_stm32u575xx.o(.text) referenced from startup_stm32u575xx.o(RESET)
 <LI><a href="#[6e]">MDF1_FLT0_IRQHandler</a> from startup_stm32u575xx.o(.text) referenced from startup_stm32u575xx.o(RESET)
 <LI><a href="#[6f]">MDF1_FLT1_IRQHandler</a> from startup_stm32u575xx.o(.text) referenced from startup_stm32u575xx.o(RESET)
 <LI><a href="#[70]">MDF1_FLT2_IRQHandler</a> from startup_stm32u575xx.o(.text) referenced from startup_stm32u575xx.o(RESET)
 <LI><a href="#[71]">MDF1_FLT3_IRQHandler</a> from startup_stm32u575xx.o(.text) referenced from startup_stm32u575xx.o(RESET)
 <LI><a href="#[7f]">MDF1_FLT4_IRQHandler</a> from startup_stm32u575xx.o(.text) referenced from startup_stm32u575xx.o(RESET)
 <LI><a href="#[80]">MDF1_FLT5_IRQHandler</a> from startup_stm32u575xx.o(.text) referenced from startup_stm32u575xx.o(RESET)
 <LI><a href="#[3]">MemManage_Handler</a> from stm32u5xx_it.o(.text.MemManage_Handler) referenced from startup_stm32u575xx.o(RESET)
 <LI><a href="#[1]">NMI_Handler</a> from stm32u5xx_it.o(.text.NMI_Handler) referenced from startup_stm32u575xx.o(RESET)
 <LI><a href="#[56]">OCTOSPI1_IRQHandler</a> from startup_stm32u575xx.o(.text) referenced from startup_stm32u575xx.o(RESET)
 <LI><a href="#[7e]">OCTOSPI2_IRQHandler</a> from startup_stm32u575xx.o(.text) referenced from startup_stm32u575xx.o(RESET)
 <LI><a href="#[53]">OTG_FS_IRQHandler</a> from stm32u5xx_it.o(.text.OTG_FS_IRQHandler) referenced from startup_stm32u575xx.o(RESET)
 <LI><a href="#[c]">PVD_PVM_IRQHandler</a> from startup_stm32u575xx.o(.text) referenced from startup_stm32u575xx.o(RESET)
 <LI><a href="#[57]">PWR_S3WU_IRQHandler</a> from startup_stm32u575xx.o(.text) referenced from startup_stm32u575xx.o(RESET)
 <LI><a href="#[9]">PendSV_Handler</a> from stm32u5xx_it.o(.text.PendSV_Handler) referenced from startup_stm32u575xx.o(RESET)
 <LI><a href="#[10]">RAMCFG_IRQHandler</a> from startup_stm32u575xx.o(.text) referenced from startup_stm32u575xx.o(RESET)
 <LI><a href="#[14]">RCC_IRQHandler</a> from startup_stm32u575xx.o(.text) referenced from startup_stm32u575xx.o(RESET)
 <LI><a href="#[15]">RCC_S_IRQHandler</a> from startup_stm32u575xx.o(.text) referenced from startup_stm32u575xx.o(RESET)
 <LI><a href="#[67]">RNG_IRQHandler</a> from startup_stm32u575xx.o(.text) referenced from startup_stm32u575xx.o(RESET)
 <LI><a href="#[d]">RTC_IRQHandler</a> from startup_stm32u575xx.o(.text) referenced from startup_stm32u575xx.o(RESET)
 <LI><a href="#[e]">RTC_S_IRQHandler</a> from startup_stm32u575xx.o(.text) referenced from startup_stm32u575xx.o(RESET)
 <LI><a href="#[0]">Reset_Handler</a> from startup_stm32u575xx.o(.text) referenced from startup_stm32u575xx.o(RESET)
 <LI><a href="#[64]">SAI1_IRQHandler</a> from startup_stm32u575xx.o(.text) referenced from startup_stm32u575xx.o(RESET)
 <LI><a href="#[65]">SAI2_IRQHandler</a> from startup_stm32u575xx.o(.text) referenced from startup_stm32u575xx.o(RESET)
 <LI><a href="#[58]">SDMMC1_IRQHandler</a> from startup_stm32u575xx.o(.text) referenced from startup_stm32u575xx.o(RESET)
 <LI><a href="#[59]">SDMMC2_IRQHandler</a> from startup_stm32u575xx.o(.text) referenced from startup_stm32u575xx.o(RESET)
 <LI><a href="#[45]">SPI1_IRQHandler</a> from startup_stm32u575xx.o(.text) referenced from startup_stm32u575xx.o(RESET)
 <LI><a href="#[46]">SPI2_IRQHandler</a> from startup_stm32u575xx.o(.text) referenced from startup_stm32u575xx.o(RESET)
 <LI><a href="#[6b]">SPI3_IRQHandler</a> from startup_stm32u575xx.o(.text) referenced from startup_stm32u575xx.o(RESET)
 <LI><a href="#[7]">SVC_Handler</a> from stm32u5xx_it.o(.text.SVC_Handler) referenced from startup_stm32u575xx.o(RESET)
 <LI><a href="#[6]">SecureFault_Handler</a> from startup_stm32u575xx.o(.text) referenced from startup_stm32u575xx.o(RESET)
 <LI><a href="#[a]">SysTick_Handler</a> from stm32u5xx_it.o(.text.SysTick_Handler) referenced from startup_stm32u575xx.o(RESET)
 <LI><a href="#[83]">SystemInit</a> from system_stm32u5xx.o(.text.SystemInit) referenced from startup_stm32u575xx.o(.text)
 <LI><a href="#[f]">TAMP_IRQHandler</a> from startup_stm32u575xx.o(.text) referenced from startup_stm32u575xx.o(RESET)
 <LI><a href="#[4f]">TIM15_IRQHandler</a> from startup_stm32u575xx.o(.text) referenced from startup_stm32u575xx.o(RESET)
 <LI><a href="#[50]">TIM16_IRQHandler</a> from stm32u5xx_it.o(.text.TIM16_IRQHandler) referenced from startup_stm32u575xx.o(RESET)
 <LI><a href="#[51]">TIM17_IRQHandler</a> from startup_stm32u575xx.o(.text) referenced from startup_stm32u575xx.o(RESET)
 <LI><a href="#[33]">TIM1_BRK_IRQHandler</a> from startup_stm32u575xx.o(.text) referenced from startup_stm32u575xx.o(RESET)
 <LI><a href="#[36]">TIM1_CC_IRQHandler</a> from startup_stm32u575xx.o(.text) referenced from startup_stm32u575xx.o(RESET)
 <LI><a href="#[35]">TIM1_TRG_COM_IRQHandler</a> from startup_stm32u575xx.o(.text) referenced from startup_stm32u575xx.o(RESET)
 <LI><a href="#[34]">TIM1_UP_IRQHandler</a> from startup_stm32u575xx.o(.text) referenced from startup_stm32u575xx.o(RESET)
 <LI><a href="#[37]">TIM2_IRQHandler</a> from startup_stm32u575xx.o(.text) referenced from startup_stm32u575xx.o(RESET)
 <LI><a href="#[38]">TIM3_IRQHandler</a> from startup_stm32u575xx.o(.text) referenced from startup_stm32u575xx.o(RESET)
 <LI><a href="#[39]">TIM4_IRQHandler</a> from startup_stm32u575xx.o(.text) referenced from startup_stm32u575xx.o(RESET)
 <LI><a href="#[3a]">TIM5_IRQHandler</a> from startup_stm32u575xx.o(.text) referenced from startup_stm32u575xx.o(RESET)
 <LI><a href="#[3b]">TIM6_IRQHandler</a> from startup_stm32u575xx.o(.text) referenced from startup_stm32u575xx.o(RESET)
 <LI><a href="#[3c]">TIM7_IRQHandler</a> from startup_stm32u575xx.o(.text) referenced from startup_stm32u575xx.o(RESET)
 <LI><a href="#[3d]">TIM8_BRK_IRQHandler</a> from startup_stm32u575xx.o(.text) referenced from startup_stm32u575xx.o(RESET)
 <LI><a href="#[40]">TIM8_CC_IRQHandler</a> from startup_stm32u575xx.o(.text) referenced from startup_stm32u575xx.o(RESET)
 <LI><a href="#[3f]">TIM8_TRG_COM_IRQHandler</a> from startup_stm32u575xx.o(.text) referenced from startup_stm32u575xx.o(RESET)
 <LI><a href="#[3e]">TIM8_UP_IRQHandler</a> from startup_stm32u575xx.o(.text) referenced from startup_stm32u575xx.o(RESET)
 <LI><a href="#[66]">TSC_IRQHandler</a> from startup_stm32u575xx.o(.text) referenced from startup_stm32u575xx.o(RESET)
 <LI><a href="#[4a]">UART4_IRQHandler</a> from startup_stm32u575xx.o(.text) referenced from startup_stm32u575xx.o(RESET)
 <LI><a href="#[4b]">UART5_IRQHandler</a> from startup_stm32u575xx.o(.text) referenced from startup_stm32u575xx.o(RESET)
 <LI><a href="#[72]">UCPD1_IRQHandler</a> from startup_stm32u575xx.o(.text) referenced from startup_stm32u575xx.o(RESET)
 <LI><a href="#[47]">USART1_IRQHandler</a> from startup_stm32u575xx.o(.text) referenced from startup_stm32u575xx.o(RESET)
 <LI><a href="#[48]">USART2_IRQHandler</a> from startup_stm32u575xx.o(.text) referenced from startup_stm32u575xx.o(RESET)
 <LI><a href="#[49]">USART3_IRQHandler</a> from startup_stm32u575xx.o(.text) referenced from startup_stm32u575xx.o(RESET)
 <LI><a href="#[5]">UsageFault_Handler</a> from stm32u5xx_it.o(.text.UsageFault_Handler) referenced from startup_stm32u575xx.o(RESET)
 <LI><a href="#[b]">WWDG_IRQHandler</a> from startup_stm32u575xx.o(.text) referenced from startup_stm32u575xx.o(RESET)
 <LI><a href="#[84]">__main</a> from __main.o(!!!main) referenced from startup_stm32u575xx.o(.text)
</UL>
<P>
<H3>
Global Symbols
</H3>
<P><STRONG><a name="[84]"></a>__main</STRONG> (Thumb, 8 bytes, Stack size 0 bytes, __main.o(!!!main))
<BR><BR>[Calls]<UL><LI><a href="#[86]">&gt;&gt;</a>&nbsp;&nbsp;&nbsp;__rt_entry
<LI><a href="#[85]">&gt;&gt;</a>&nbsp;&nbsp;&nbsp;__scatterload
</UL>
<BR>[Address Reference Count : 1]<UL><LI> startup_stm32u575xx.o(.text)
</UL>
<P><STRONG><a name="[85]"></a>__scatterload</STRONG> (Thumb, 0 bytes, Stack size unknown bytes, __scatter.o(!!!scatter))
<BR><BR>[Called By]<UL><LI><a href="#[84]">&gt;&gt;</a>&nbsp;&nbsp;&nbsp;__main
</UL>

<P><STRONG><a name="[87]"></a>__scatterload_rt2</STRONG> (Thumb, 44 bytes, Stack size unknown bytes, __scatter.o(!!!scatter), UNUSED)
<BR><BR>[Calls]<UL><LI><a href="#[86]">&gt;&gt;</a>&nbsp;&nbsp;&nbsp;__rt_entry
</UL>

<P><STRONG><a name="[185]"></a>__scatterload_rt2_thumb_only</STRONG> (Thumb, 0 bytes, Stack size unknown bytes, __scatter.o(!!!scatter), UNUSED)

<P><STRONG><a name="[186]"></a>__scatterload_null</STRONG> (Thumb, 0 bytes, Stack size unknown bytes, __scatter.o(!!!scatter), UNUSED)

<P><STRONG><a name="[187]"></a>__decompress</STRONG> (Thumb, 100 bytes, Stack size unknown bytes, __dclz77c.o(!!dclz77c), UNUSED)

<P><STRONG><a name="[188]"></a>__decompress2</STRONG> (Thumb, 0 bytes, Stack size unknown bytes, __dclz77c.o(!!dclz77c), UNUSED)

<P><STRONG><a name="[189]"></a>__scatterload_zeroinit</STRONG> (Thumb, 28 bytes, Stack size unknown bytes, __scatter_zi.o(!!handler_zi), UNUSED)

<P><STRONG><a name="[8d]"></a>__rt_lib_init</STRONG> (Thumb, 0 bytes, Stack size unknown bytes, libinit.o(.ARM.Collect$$libinit$$00000000))
<BR><BR>[Called By]<UL><LI><a href="#[8c]">&gt;&gt;</a>&nbsp;&nbsp;&nbsp;__rt_entry_li
</UL>

<P><STRONG><a name="[88]"></a>__rt_lib_init_fp_1</STRONG> (Thumb, 0 bytes, Stack size unknown bytes, libinit2.o(.ARM.Collect$$libinit$$00000001))
<BR><BR>[Calls]<UL><LI><a href="#[89]">&gt;&gt;</a>&nbsp;&nbsp;&nbsp;_fp_init
</UL>

<P><STRONG><a name="[18a]"></a>__rt_lib_init_alloca_1</STRONG> (Thumb, 0 bytes, Stack size unknown bytes, libinit2.o(.ARM.Collect$$libinit$$0000002E))

<P><STRONG><a name="[18b]"></a>__rt_lib_init_argv_1</STRONG> (Thumb, 0 bytes, Stack size unknown bytes, libinit2.o(.ARM.Collect$$libinit$$0000002C))

<P><STRONG><a name="[18c]"></a>__rt_lib_init_atexit_1</STRONG> (Thumb, 0 bytes, Stack size unknown bytes, libinit2.o(.ARM.Collect$$libinit$$0000001B))

<P><STRONG><a name="[18d]"></a>__rt_lib_init_clock_1</STRONG> (Thumb, 0 bytes, Stack size unknown bytes, libinit2.o(.ARM.Collect$$libinit$$00000021))

<P><STRONG><a name="[18e]"></a>__rt_lib_init_cpp_1</STRONG> (Thumb, 0 bytes, Stack size unknown bytes, libinit2.o(.ARM.Collect$$libinit$$00000032))

<P><STRONG><a name="[18f]"></a>__rt_lib_init_exceptions_1</STRONG> (Thumb, 0 bytes, Stack size unknown bytes, libinit2.o(.ARM.Collect$$libinit$$00000030))

<P><STRONG><a name="[190]"></a>__rt_lib_init_fp_trap_1</STRONG> (Thumb, 0 bytes, Stack size unknown bytes, libinit2.o(.ARM.Collect$$libinit$$0000001F))

<P><STRONG><a name="[191]"></a>__rt_lib_init_getenv_1</STRONG> (Thumb, 0 bytes, Stack size unknown bytes, libinit2.o(.ARM.Collect$$libinit$$00000023))

<P><STRONG><a name="[192]"></a>__rt_lib_init_heap_1</STRONG> (Thumb, 0 bytes, Stack size unknown bytes, libinit2.o(.ARM.Collect$$libinit$$0000000A))

<P><STRONG><a name="[193]"></a>__rt_lib_init_lc_collate_1</STRONG> (Thumb, 0 bytes, Stack size unknown bytes, libinit2.o(.ARM.Collect$$libinit$$00000011))

<P><STRONG><a name="[194]"></a>__rt_lib_init_lc_ctype_1</STRONG> (Thumb, 0 bytes, Stack size unknown bytes, libinit2.o(.ARM.Collect$$libinit$$00000013))

<P><STRONG><a name="[195]"></a>__rt_lib_init_lc_monetary_1</STRONG> (Thumb, 0 bytes, Stack size unknown bytes, libinit2.o(.ARM.Collect$$libinit$$00000015))

<P><STRONG><a name="[196]"></a>__rt_lib_init_lc_numeric_1</STRONG> (Thumb, 0 bytes, Stack size unknown bytes, libinit2.o(.ARM.Collect$$libinit$$00000017))

<P><STRONG><a name="[197]"></a>__rt_lib_init_lc_time_1</STRONG> (Thumb, 0 bytes, Stack size unknown bytes, libinit2.o(.ARM.Collect$$libinit$$00000019))

<P><STRONG><a name="[198]"></a>__rt_lib_init_preinit_1</STRONG> (Thumb, 0 bytes, Stack size unknown bytes, libinit2.o(.ARM.Collect$$libinit$$00000004))

<P><STRONG><a name="[199]"></a>__rt_lib_init_rand_1</STRONG> (Thumb, 0 bytes, Stack size unknown bytes, libinit2.o(.ARM.Collect$$libinit$$0000000E))

<P><STRONG><a name="[19a]"></a>__rt_lib_init_return</STRONG> (Thumb, 0 bytes, Stack size unknown bytes, libinit2.o(.ARM.Collect$$libinit$$00000033))

<P><STRONG><a name="[19b]"></a>__rt_lib_init_signal_1</STRONG> (Thumb, 0 bytes, Stack size unknown bytes, libinit2.o(.ARM.Collect$$libinit$$0000001D))

<P><STRONG><a name="[19c]"></a>__rt_lib_init_stdio_1</STRONG> (Thumb, 0 bytes, Stack size unknown bytes, libinit2.o(.ARM.Collect$$libinit$$00000025))

<P><STRONG><a name="[19d]"></a>__rt_lib_init_user_alloc_1</STRONG> (Thumb, 0 bytes, Stack size unknown bytes, libinit2.o(.ARM.Collect$$libinit$$0000000C))

<P><STRONG><a name="[92]"></a>__rt_lib_shutdown</STRONG> (Thumb, 0 bytes, Stack size unknown bytes, libshutdown.o(.ARM.Collect$$libshutdown$$00000000))
<BR><BR>[Called By]<UL><LI><a href="#[91]">&gt;&gt;</a>&nbsp;&nbsp;&nbsp;__rt_exit_ls
</UL>

<P><STRONG><a name="[19e]"></a>__rt_lib_shutdown_cpp_1</STRONG> (Thumb, 0 bytes, Stack size unknown bytes, libshutdown2.o(.ARM.Collect$$libshutdown$$00000002))

<P><STRONG><a name="[19f]"></a>__rt_lib_shutdown_fp_trap_1</STRONG> (Thumb, 0 bytes, Stack size unknown bytes, libshutdown2.o(.ARM.Collect$$libshutdown$$00000007))

<P><STRONG><a name="[1a0]"></a>__rt_lib_shutdown_heap_1</STRONG> (Thumb, 0 bytes, Stack size unknown bytes, libshutdown2.o(.ARM.Collect$$libshutdown$$0000000F))

<P><STRONG><a name="[1a1]"></a>__rt_lib_shutdown_return</STRONG> (Thumb, 0 bytes, Stack size unknown bytes, libshutdown2.o(.ARM.Collect$$libshutdown$$00000010))

<P><STRONG><a name="[1a2]"></a>__rt_lib_shutdown_signal_1</STRONG> (Thumb, 0 bytes, Stack size unknown bytes, libshutdown2.o(.ARM.Collect$$libshutdown$$0000000A))

<P><STRONG><a name="[1a3]"></a>__rt_lib_shutdown_stdio_1</STRONG> (Thumb, 0 bytes, Stack size unknown bytes, libshutdown2.o(.ARM.Collect$$libshutdown$$00000004))

<P><STRONG><a name="[1a4]"></a>__rt_lib_shutdown_user_alloc_1</STRONG> (Thumb, 0 bytes, Stack size unknown bytes, libshutdown2.o(.ARM.Collect$$libshutdown$$0000000C))

<P><STRONG><a name="[86]"></a>__rt_entry</STRONG> (Thumb, 0 bytes, Stack size unknown bytes, __rtentry.o(.ARM.Collect$$rtentry$$00000000))
<BR><BR>[Called By]<UL><LI><a href="#[84]">&gt;&gt;</a>&nbsp;&nbsp;&nbsp;__main
<LI><a href="#[87]">&gt;&gt;</a>&nbsp;&nbsp;&nbsp;__scatterload_rt2
</UL>

<P><STRONG><a name="[1a5]"></a>__rt_entry_presh_1</STRONG> (Thumb, 0 bytes, Stack size unknown bytes, __rtentry2.o(.ARM.Collect$$rtentry$$00000002))

<P><STRONG><a name="[8a]"></a>__rt_entry_sh</STRONG> (Thumb, 0 bytes, Stack size unknown bytes, __rtentry4.o(.ARM.Collect$$rtentry$$00000004))
<BR><BR>[Stack]<UL><LI>Max Depth = 8 + Unknown Stack Size
<LI>Call Chain = __rt_entry_sh &rArr; __user_setup_stackheap
</UL>
<BR>[Calls]<UL><LI><a href="#[8b]">&gt;&gt;</a>&nbsp;&nbsp;&nbsp;__user_setup_stackheap
</UL>

<P><STRONG><a name="[8c]"></a>__rt_entry_li</STRONG> (Thumb, 0 bytes, Stack size unknown bytes, __rtentry2.o(.ARM.Collect$$rtentry$$0000000A))
<BR><BR>[Calls]<UL><LI><a href="#[8d]">&gt;&gt;</a>&nbsp;&nbsp;&nbsp;__rt_lib_init
</UL>

<P><STRONG><a name="[1a6]"></a>__rt_entry_postsh_1</STRONG> (Thumb, 0 bytes, Stack size unknown bytes, __rtentry2.o(.ARM.Collect$$rtentry$$00000009))

<P><STRONG><a name="[8e]"></a>__rt_entry_main</STRONG> (Thumb, 0 bytes, Stack size unknown bytes, __rtentry2.o(.ARM.Collect$$rtentry$$0000000D))
<BR><BR>[Stack]<UL><LI>Max Depth = 568 + Unknown Stack Size
<LI>Call Chain = __rt_entry_main &rArr; main &rArr; AD5522_SetClamp_float &rArr; __hardfp_pow &rArr; sqrt &rArr; _dsqrt &rArr; __fpl_dnaninf
</UL>
<BR>[Calls]<UL><LI><a href="#[8f]">&gt;&gt;</a>&nbsp;&nbsp;&nbsp;main
<LI><a href="#[90]">&gt;&gt;</a>&nbsp;&nbsp;&nbsp;exit
</UL>

<P><STRONG><a name="[1a7]"></a>__rt_entry_postli_1</STRONG> (Thumb, 0 bytes, Stack size unknown bytes, __rtentry2.o(.ARM.Collect$$rtentry$$0000000C))

<P><STRONG><a name="[9a]"></a>__rt_exit</STRONG> (Thumb, 0 bytes, Stack size unknown bytes, rtexit.o(.ARM.Collect$$rtexit$$00000000))
<BR><BR>[Called By]<UL><LI><a href="#[90]">&gt;&gt;</a>&nbsp;&nbsp;&nbsp;exit
</UL>

<P><STRONG><a name="[91]"></a>__rt_exit_ls</STRONG> (Thumb, 0 bytes, Stack size unknown bytes, rtexit2.o(.ARM.Collect$$rtexit$$00000003))
<BR><BR>[Calls]<UL><LI><a href="#[92]">&gt;&gt;</a>&nbsp;&nbsp;&nbsp;__rt_lib_shutdown
</UL>

<P><STRONG><a name="[1a8]"></a>__rt_exit_prels_1</STRONG> (Thumb, 0 bytes, Stack size unknown bytes, rtexit2.o(.ARM.Collect$$rtexit$$00000002))

<P><STRONG><a name="[93]"></a>__rt_exit_exit</STRONG> (Thumb, 0 bytes, Stack size unknown bytes, rtexit2.o(.ARM.Collect$$rtexit$$00000004))
<BR><BR>[Calls]<UL><LI><a href="#[94]">&gt;&gt;</a>&nbsp;&nbsp;&nbsp;_sys_exit
</UL>

<P><STRONG><a name="[0]"></a>Reset_Handler</STRONG> (Thumb, 8 bytes, Stack size 0 bytes, startup_stm32u575xx.o(.text))
<BR>[Address Reference Count : 1]<UL><LI> startup_stm32u575xx.o(RESET)
</UL>
<P><STRONG><a name="[6]"></a>SecureFault_Handler</STRONG> (Thumb, 2 bytes, Stack size 0 bytes, startup_stm32u575xx.o(.text))
<BR><BR>[Calls]<UL><LI><a href="#[6]">&gt;&gt;</a>&nbsp;&nbsp;&nbsp;SecureFault_Handler
</UL>
<BR>[Called By]<UL><LI><a href="#[6]">&gt;&gt;</a>&nbsp;&nbsp;&nbsp;SecureFault_Handler
</UL>
<BR>[Address Reference Count : 1]<UL><LI> startup_stm32u575xx.o(RESET)
</UL>
<P><STRONG><a name="[77]"></a>ADC4_IRQHandler</STRONG> (Thumb, 0 bytes, Stack size 0 bytes, startup_stm32u575xx.o(.text))
<BR><BR>[Calls]<UL><LI><a href="#[77]">&gt;&gt;</a>&nbsp;&nbsp;&nbsp;ADC4_IRQHandler
</UL>
<BR>[Called By]<UL><LI><a href="#[77]">&gt;&gt;</a>&nbsp;&nbsp;&nbsp;ADC4_IRQHandler
</UL>
<BR>[Address Reference Count : 1]<UL><LI> startup_stm32u575xx.o(RESET)
</UL>
<P><STRONG><a name="[76]"></a>ADF1_IRQHandler</STRONG> (Thumb, 0 bytes, Stack size 0 bytes, startup_stm32u575xx.o(.text))
<BR>[Address Reference Count : 1]<UL><LI> startup_stm32u575xx.o(RESET)
</UL>
<P><STRONG><a name="[52]"></a>COMP_IRQHandler</STRONG> (Thumb, 0 bytes, Stack size 0 bytes, startup_stm32u575xx.o(.text))
<BR>[Address Reference Count : 1]<UL><LI> startup_stm32u575xx.o(RESET)
</UL>
<P><STRONG><a name="[81]"></a>CORDIC_IRQHandler</STRONG> (Thumb, 0 bytes, Stack size 0 bytes, startup_stm32u575xx.o(.text))
<BR>[Address Reference Count : 1]<UL><LI> startup_stm32u575xx.o(RESET)
</UL>
<P><STRONG><a name="[54]"></a>CRS_IRQHandler</STRONG> (Thumb, 0 bytes, Stack size 0 bytes, startup_stm32u575xx.o(.text))
<BR>[Address Reference Count : 1]<UL><LI> startup_stm32u575xx.o(RESET)
</UL>
<P><STRONG><a name="[30]"></a>DAC1_IRQHandler</STRONG> (Thumb, 0 bytes, Stack size 0 bytes, startup_stm32u575xx.o(.text))
<BR>[Address Reference Count : 1]<UL><LI> startup_stm32u575xx.o(RESET)
</UL>
<P><STRONG><a name="[75]"></a>DCACHE1_IRQHandler</STRONG> (Thumb, 0 bytes, Stack size 0 bytes, startup_stm32u575xx.o(.text))
<BR>[Address Reference Count : 1]<UL><LI> startup_stm32u575xx.o(RESET)
</UL>
<P><STRONG><a name="[7d]"></a>DCMI_PSSI_IRQHandler</STRONG> (Thumb, 0 bytes, Stack size 0 bytes, startup_stm32u575xx.o(.text))
<BR>[Address Reference Count : 1]<UL><LI> startup_stm32u575xx.o(RESET)
</UL>
<P><STRONG><a name="[7c]"></a>DMA2D_IRQHandler</STRONG> (Thumb, 0 bytes, Stack size 0 bytes, startup_stm32u575xx.o(.text))
<BR>[Address Reference Count : 1]<UL><LI> startup_stm32u575xx.o(RESET)
</UL>
<P><STRONG><a name="[16]"></a>EXTI0_IRQHandler</STRONG> (Thumb, 0 bytes, Stack size 0 bytes, startup_stm32u575xx.o(.text))
<BR>[Address Reference Count : 1]<UL><LI> startup_stm32u575xx.o(RESET)
</UL>
<P><STRONG><a name="[20]"></a>EXTI10_IRQHandler</STRONG> (Thumb, 0 bytes, Stack size 0 bytes, startup_stm32u575xx.o(.text))
<BR>[Address Reference Count : 1]<UL><LI> startup_stm32u575xx.o(RESET)
</UL>
<P><STRONG><a name="[21]"></a>EXTI11_IRQHandler</STRONG> (Thumb, 0 bytes, Stack size 0 bytes, startup_stm32u575xx.o(.text))
<BR>[Address Reference Count : 1]<UL><LI> startup_stm32u575xx.o(RESET)
</UL>
<P><STRONG><a name="[22]"></a>EXTI12_IRQHandler</STRONG> (Thumb, 0 bytes, Stack size 0 bytes, startup_stm32u575xx.o(.text))
<BR>[Address Reference Count : 1]<UL><LI> startup_stm32u575xx.o(RESET)
</UL>
<P><STRONG><a name="[23]"></a>EXTI13_IRQHandler</STRONG> (Thumb, 0 bytes, Stack size 0 bytes, startup_stm32u575xx.o(.text))
<BR>[Address Reference Count : 1]<UL><LI> startup_stm32u575xx.o(RESET)
</UL>
<P><STRONG><a name="[24]"></a>EXTI14_IRQHandler</STRONG> (Thumb, 0 bytes, Stack size 0 bytes, startup_stm32u575xx.o(.text))
<BR>[Address Reference Count : 1]<UL><LI> startup_stm32u575xx.o(RESET)
</UL>
<P><STRONG><a name="[25]"></a>EXTI15_IRQHandler</STRONG> (Thumb, 0 bytes, Stack size 0 bytes, startup_stm32u575xx.o(.text))
<BR>[Address Reference Count : 1]<UL><LI> startup_stm32u575xx.o(RESET)
</UL>
<P><STRONG><a name="[17]"></a>EXTI1_IRQHandler</STRONG> (Thumb, 0 bytes, Stack size 0 bytes, startup_stm32u575xx.o(.text))
<BR>[Address Reference Count : 1]<UL><LI> startup_stm32u575xx.o(RESET)
</UL>
<P><STRONG><a name="[18]"></a>EXTI2_IRQHandler</STRONG> (Thumb, 0 bytes, Stack size 0 bytes, startup_stm32u575xx.o(.text))
<BR>[Address Reference Count : 1]<UL><LI> startup_stm32u575xx.o(RESET)
</UL>
<P><STRONG><a name="[19]"></a>EXTI3_IRQHandler</STRONG> (Thumb, 0 bytes, Stack size 0 bytes, startup_stm32u575xx.o(.text))
<BR>[Address Reference Count : 1]<UL><LI> startup_stm32u575xx.o(RESET)
</UL>
<P><STRONG><a name="[1a]"></a>EXTI4_IRQHandler</STRONG> (Thumb, 0 bytes, Stack size 0 bytes, startup_stm32u575xx.o(.text))
<BR>[Address Reference Count : 1]<UL><LI> startup_stm32u575xx.o(RESET)
</UL>
<P><STRONG><a name="[1b]"></a>EXTI5_IRQHandler</STRONG> (Thumb, 0 bytes, Stack size 0 bytes, startup_stm32u575xx.o(.text))
<BR>[Address Reference Count : 1]<UL><LI> startup_stm32u575xx.o(RESET)
</UL>
<P><STRONG><a name="[1c]"></a>EXTI6_IRQHandler</STRONG> (Thumb, 0 bytes, Stack size 0 bytes, startup_stm32u575xx.o(.text))
<BR>[Address Reference Count : 1]<UL><LI> startup_stm32u575xx.o(RESET)
</UL>
<P><STRONG><a name="[1d]"></a>EXTI7_IRQHandler</STRONG> (Thumb, 0 bytes, Stack size 0 bytes, startup_stm32u575xx.o(.text))
<BR>[Address Reference Count : 1]<UL><LI> startup_stm32u575xx.o(RESET)
</UL>
<P><STRONG><a name="[1e]"></a>EXTI8_IRQHandler</STRONG> (Thumb, 0 bytes, Stack size 0 bytes, startup_stm32u575xx.o(.text))
<BR>[Address Reference Count : 1]<UL><LI> startup_stm32u575xx.o(RESET)
</UL>
<P><STRONG><a name="[1f]"></a>EXTI9_IRQHandler</STRONG> (Thumb, 0 bytes, Stack size 0 bytes, startup_stm32u575xx.o(.text))
<BR>[Address Reference Count : 1]<UL><LI> startup_stm32u575xx.o(RESET)
</UL>
<P><STRONG><a name="[31]"></a>FDCAN1_IT0_IRQHandler</STRONG> (Thumb, 0 bytes, Stack size 0 bytes, startup_stm32u575xx.o(.text))
<BR>[Address Reference Count : 1]<UL><LI> startup_stm32u575xx.o(RESET)
</UL>
<P><STRONG><a name="[32]"></a>FDCAN1_IT1_IRQHandler</STRONG> (Thumb, 0 bytes, Stack size 0 bytes, startup_stm32u575xx.o(.text))
<BR>[Address Reference Count : 1]<UL><LI> startup_stm32u575xx.o(RESET)
</UL>
<P><STRONG><a name="[11]"></a>FLASH_IRQHandler</STRONG> (Thumb, 0 bytes, Stack size 0 bytes, startup_stm32u575xx.o(.text))
<BR>[Address Reference Count : 1]<UL><LI> startup_stm32u575xx.o(RESET)
</UL>
<P><STRONG><a name="[12]"></a>FLASH_S_IRQHandler</STRONG> (Thumb, 0 bytes, Stack size 0 bytes, startup_stm32u575xx.o(.text))
<BR>[Address Reference Count : 1]<UL><LI> startup_stm32u575xx.o(RESET)
</UL>
<P><STRONG><a name="[82]"></a>FMAC_IRQHandler</STRONG> (Thumb, 0 bytes, Stack size 0 bytes, startup_stm32u575xx.o(.text))
<BR>[Address Reference Count : 1]<UL><LI> startup_stm32u575xx.o(RESET)
</UL>
<P><STRONG><a name="[55]"></a>FMC_IRQHandler</STRONG> (Thumb, 0 bytes, Stack size 0 bytes, startup_stm32u575xx.o(.text))
<BR>[Address Reference Count : 1]<UL><LI> startup_stm32u575xx.o(RESET)
</UL>
<P><STRONG><a name="[68]"></a>FPU_IRQHandler</STRONG> (Thumb, 0 bytes, Stack size 0 bytes, startup_stm32u575xx.o(.text))
<BR>[Address Reference Count : 1]<UL><LI> startup_stm32u575xx.o(RESET)
</UL>
<P><STRONG><a name="[27]"></a>GPDMA1_Channel0_IRQHandler</STRONG> (Thumb, 0 bytes, Stack size 0 bytes, startup_stm32u575xx.o(.text))
<BR>[Address Reference Count : 1]<UL><LI> startup_stm32u575xx.o(RESET)
</UL>
<P><STRONG><a name="[5d]"></a>GPDMA1_Channel11_IRQHandler</STRONG> (Thumb, 0 bytes, Stack size 0 bytes, startup_stm32u575xx.o(.text))
<BR>[Address Reference Count : 1]<UL><LI> startup_stm32u575xx.o(RESET)
</UL>
<P><STRONG><a name="[5e]"></a>GPDMA1_Channel12_IRQHandler</STRONG> (Thumb, 0 bytes, Stack size 0 bytes, startup_stm32u575xx.o(.text))
<BR>[Address Reference Count : 1]<UL><LI> startup_stm32u575xx.o(RESET)
</UL>
<P><STRONG><a name="[5f]"></a>GPDMA1_Channel13_IRQHandler</STRONG> (Thumb, 0 bytes, Stack size 0 bytes, startup_stm32u575xx.o(.text))
<BR>[Address Reference Count : 1]<UL><LI> startup_stm32u575xx.o(RESET)
</UL>
<P><STRONG><a name="[60]"></a>GPDMA1_Channel14_IRQHandler</STRONG> (Thumb, 0 bytes, Stack size 0 bytes, startup_stm32u575xx.o(.text))
<BR>[Address Reference Count : 1]<UL><LI> startup_stm32u575xx.o(RESET)
</UL>
<P><STRONG><a name="[61]"></a>GPDMA1_Channel15_IRQHandler</STRONG> (Thumb, 0 bytes, Stack size 0 bytes, startup_stm32u575xx.o(.text))
<BR>[Address Reference Count : 1]<UL><LI> startup_stm32u575xx.o(RESET)
</UL>
<P><STRONG><a name="[28]"></a>GPDMA1_Channel1_IRQHandler</STRONG> (Thumb, 0 bytes, Stack size 0 bytes, startup_stm32u575xx.o(.text))
<BR>[Address Reference Count : 1]<UL><LI> startup_stm32u575xx.o(RESET)
</UL>
<P><STRONG><a name="[29]"></a>GPDMA1_Channel2_IRQHandler</STRONG> (Thumb, 0 bytes, Stack size 0 bytes, startup_stm32u575xx.o(.text))
<BR>[Address Reference Count : 1]<UL><LI> startup_stm32u575xx.o(RESET)
</UL>
<P><STRONG><a name="[2a]"></a>GPDMA1_Channel3_IRQHandler</STRONG> (Thumb, 0 bytes, Stack size 0 bytes, startup_stm32u575xx.o(.text))
<BR>[Address Reference Count : 1]<UL><LI> startup_stm32u575xx.o(RESET)
</UL>
<P><STRONG><a name="[2b]"></a>GPDMA1_Channel4_IRQHandler</STRONG> (Thumb, 0 bytes, Stack size 0 bytes, startup_stm32u575xx.o(.text))
<BR>[Address Reference Count : 1]<UL><LI> startup_stm32u575xx.o(RESET)
</UL>
<P><STRONG><a name="[2c]"></a>GPDMA1_Channel5_IRQHandler</STRONG> (Thumb, 0 bytes, Stack size 0 bytes, startup_stm32u575xx.o(.text))
<BR>[Address Reference Count : 1]<UL><LI> startup_stm32u575xx.o(RESET)
</UL>
<P><STRONG><a name="[2d]"></a>GPDMA1_Channel6_IRQHandler</STRONG> (Thumb, 0 bytes, Stack size 0 bytes, startup_stm32u575xx.o(.text))
<BR>[Address Reference Count : 1]<UL><LI> startup_stm32u575xx.o(RESET)
</UL>
<P><STRONG><a name="[2e]"></a>GPDMA1_Channel7_IRQHandler</STRONG> (Thumb, 0 bytes, Stack size 0 bytes, startup_stm32u575xx.o(.text))
<BR>[Address Reference Count : 1]<UL><LI> startup_stm32u575xx.o(RESET)
</UL>
<P><STRONG><a name="[5a]"></a>GPDMA1_Channel8_IRQHandler</STRONG> (Thumb, 0 bytes, Stack size 0 bytes, startup_stm32u575xx.o(.text))
<BR>[Address Reference Count : 1]<UL><LI> startup_stm32u575xx.o(RESET)
</UL>
<P><STRONG><a name="[5b]"></a>GPDMA1_Channel9_IRQHandler</STRONG> (Thumb, 0 bytes, Stack size 0 bytes, startup_stm32u575xx.o(.text))
<BR>[Address Reference Count : 1]<UL><LI> startup_stm32u575xx.o(RESET)
</UL>
<P><STRONG><a name="[13]"></a>GTZC_IRQHandler</STRONG> (Thumb, 0 bytes, Stack size 0 bytes, startup_stm32u575xx.o(.text))
<BR>[Address Reference Count : 1]<UL><LI> startup_stm32u575xx.o(RESET)
</UL>
<P><STRONG><a name="[69]"></a>HASH_IRQHandler</STRONG> (Thumb, 0 bytes, Stack size 0 bytes, startup_stm32u575xx.o(.text))
<BR>[Address Reference Count : 1]<UL><LI> startup_stm32u575xx.o(RESET)
</UL>
<P><STRONG><a name="[42]"></a>I2C1_ER_IRQHandler</STRONG> (Thumb, 0 bytes, Stack size 0 bytes, startup_stm32u575xx.o(.text))
<BR>[Address Reference Count : 1]<UL><LI> startup_stm32u575xx.o(RESET)
</UL>
<P><STRONG><a name="[41]"></a>I2C1_EV_IRQHandler</STRONG> (Thumb, 0 bytes, Stack size 0 bytes, startup_stm32u575xx.o(.text))
<BR>[Address Reference Count : 1]<UL><LI> startup_stm32u575xx.o(RESET)
</UL>
<P><STRONG><a name="[44]"></a>I2C2_ER_IRQHandler</STRONG> (Thumb, 0 bytes, Stack size 0 bytes, startup_stm32u575xx.o(.text))
<BR>[Address Reference Count : 1]<UL><LI> startup_stm32u575xx.o(RESET)
</UL>
<P><STRONG><a name="[43]"></a>I2C2_EV_IRQHandler</STRONG> (Thumb, 0 bytes, Stack size 0 bytes, startup_stm32u575xx.o(.text))
<BR>[Address Reference Count : 1]<UL><LI> startup_stm32u575xx.o(RESET)
</UL>
<P><STRONG><a name="[63]"></a>I2C3_ER_IRQHandler</STRONG> (Thumb, 0 bytes, Stack size 0 bytes, startup_stm32u575xx.o(.text))
<BR>[Address Reference Count : 1]<UL><LI> startup_stm32u575xx.o(RESET)
</UL>
<P><STRONG><a name="[62]"></a>I2C3_EV_IRQHandler</STRONG> (Thumb, 0 bytes, Stack size 0 bytes, startup_stm32u575xx.o(.text))
<BR>[Address Reference Count : 1]<UL><LI> startup_stm32u575xx.o(RESET)
</UL>
<P><STRONG><a name="[6c]"></a>I2C4_ER_IRQHandler</STRONG> (Thumb, 0 bytes, Stack size 0 bytes, startup_stm32u575xx.o(.text))
<BR>[Address Reference Count : 1]<UL><LI> startup_stm32u575xx.o(RESET)
</UL>
<P><STRONG><a name="[6d]"></a>I2C4_EV_IRQHandler</STRONG> (Thumb, 0 bytes, Stack size 0 bytes, startup_stm32u575xx.o(.text))
<BR>[Address Reference Count : 1]<UL><LI> startup_stm32u575xx.o(RESET)
</UL>
<P><STRONG><a name="[73]"></a>ICACHE_IRQHandler</STRONG> (Thumb, 0 bytes, Stack size 0 bytes, startup_stm32u575xx.o(.text))
<BR>[Address Reference Count : 1]<UL><LI> startup_stm32u575xx.o(RESET)
</UL>
<P><STRONG><a name="[26]"></a>IWDG_IRQHandler</STRONG> (Thumb, 0 bytes, Stack size 0 bytes, startup_stm32u575xx.o(.text))
<BR>[Address Reference Count : 1]<UL><LI> startup_stm32u575xx.o(RESET)
</UL>
<P><STRONG><a name="[78]"></a>LPDMA1_Channel0_IRQHandler</STRONG> (Thumb, 0 bytes, Stack size 0 bytes, startup_stm32u575xx.o(.text))
<BR>[Address Reference Count : 1]<UL><LI> startup_stm32u575xx.o(RESET)
</UL>
<P><STRONG><a name="[79]"></a>LPDMA1_Channel1_IRQHandler</STRONG> (Thumb, 0 bytes, Stack size 0 bytes, startup_stm32u575xx.o(.text))
<BR>[Address Reference Count : 1]<UL><LI> startup_stm32u575xx.o(RESET)
</UL>
<P><STRONG><a name="[7a]"></a>LPDMA1_Channel2_IRQHandler</STRONG> (Thumb, 0 bytes, Stack size 0 bytes, startup_stm32u575xx.o(.text))
<BR>[Address Reference Count : 1]<UL><LI> startup_stm32u575xx.o(RESET)
</UL>
<P><STRONG><a name="[7b]"></a>LPDMA1_Channel3_IRQHandler</STRONG> (Thumb, 0 bytes, Stack size 0 bytes, startup_stm32u575xx.o(.text))
<BR>[Address Reference Count : 1]<UL><LI> startup_stm32u575xx.o(RESET)
</UL>
<P><STRONG><a name="[4d]"></a>LPTIM1_IRQHandler</STRONG> (Thumb, 0 bytes, Stack size 0 bytes, startup_stm32u575xx.o(.text))
<BR>[Address Reference Count : 1]<UL><LI> startup_stm32u575xx.o(RESET)
</UL>
<P><STRONG><a name="[4e]"></a>LPTIM2_IRQHandler</STRONG> (Thumb, 0 bytes, Stack size 0 bytes, startup_stm32u575xx.o(.text))
<BR>[Address Reference Count : 1]<UL><LI> startup_stm32u575xx.o(RESET)
</UL>
<P><STRONG><a name="[6a]"></a>LPTIM3_IRQHandler</STRONG> (Thumb, 0 bytes, Stack size 0 bytes, startup_stm32u575xx.o(.text))
<BR>[Address Reference Count : 1]<UL><LI> startup_stm32u575xx.o(RESET)
</UL>
<P><STRONG><a name="[74]"></a>LPTIM4_IRQHandler</STRONG> (Thumb, 0 bytes, Stack size 0 bytes, startup_stm32u575xx.o(.text))
<BR>[Address Reference Count : 1]<UL><LI> startup_stm32u575xx.o(RESET)
</UL>
<P><STRONG><a name="[4c]"></a>LPUART1_IRQHandler</STRONG> (Thumb, 0 bytes, Stack size 0 bytes, startup_stm32u575xx.o(.text))
<BR>[Address Reference Count : 1]<UL><LI> startup_stm32u575xx.o(RESET)
</UL>
<P><STRONG><a name="[6e]"></a>MDF1_FLT0_IRQHandler</STRONG> (Thumb, 0 bytes, Stack size 0 bytes, startup_stm32u575xx.o(.text))
<BR>[Address Reference Count : 1]<UL><LI> startup_stm32u575xx.o(RESET)
</UL>
<P><STRONG><a name="[6f]"></a>MDF1_FLT1_IRQHandler</STRONG> (Thumb, 0 bytes, Stack size 0 bytes, startup_stm32u575xx.o(.text))
<BR>[Address Reference Count : 1]<UL><LI> startup_stm32u575xx.o(RESET)
</UL>
<P><STRONG><a name="[70]"></a>MDF1_FLT2_IRQHandler</STRONG> (Thumb, 0 bytes, Stack size 0 bytes, startup_stm32u575xx.o(.text))
<BR>[Address Reference Count : 1]<UL><LI> startup_stm32u575xx.o(RESET)
</UL>
<P><STRONG><a name="[71]"></a>MDF1_FLT3_IRQHandler</STRONG> (Thumb, 0 bytes, Stack size 0 bytes, startup_stm32u575xx.o(.text))
<BR>[Address Reference Count : 1]<UL><LI> startup_stm32u575xx.o(RESET)
</UL>
<P><STRONG><a name="[7f]"></a>MDF1_FLT4_IRQHandler</STRONG> (Thumb, 0 bytes, Stack size 0 bytes, startup_stm32u575xx.o(.text))
<BR>[Address Reference Count : 1]<UL><LI> startup_stm32u575xx.o(RESET)
</UL>
<P><STRONG><a name="[80]"></a>MDF1_FLT5_IRQHandler</STRONG> (Thumb, 0 bytes, Stack size 0 bytes, startup_stm32u575xx.o(.text))
<BR>[Address Reference Count : 1]<UL><LI> startup_stm32u575xx.o(RESET)
</UL>
<P><STRONG><a name="[56]"></a>OCTOSPI1_IRQHandler</STRONG> (Thumb, 0 bytes, Stack size 0 bytes, startup_stm32u575xx.o(.text))
<BR>[Address Reference Count : 1]<UL><LI> startup_stm32u575xx.o(RESET)
</UL>
<P><STRONG><a name="[7e]"></a>OCTOSPI2_IRQHandler</STRONG> (Thumb, 0 bytes, Stack size 0 bytes, startup_stm32u575xx.o(.text))
<BR>[Address Reference Count : 1]<UL><LI> startup_stm32u575xx.o(RESET)
</UL>
<P><STRONG><a name="[c]"></a>PVD_PVM_IRQHandler</STRONG> (Thumb, 0 bytes, Stack size 0 bytes, startup_stm32u575xx.o(.text))
<BR>[Address Reference Count : 1]<UL><LI> startup_stm32u575xx.o(RESET)
</UL>
<P><STRONG><a name="[57]"></a>PWR_S3WU_IRQHandler</STRONG> (Thumb, 0 bytes, Stack size 0 bytes, startup_stm32u575xx.o(.text))
<BR>[Address Reference Count : 1]<UL><LI> startup_stm32u575xx.o(RESET)
</UL>
<P><STRONG><a name="[10]"></a>RAMCFG_IRQHandler</STRONG> (Thumb, 0 bytes, Stack size 0 bytes, startup_stm32u575xx.o(.text))
<BR>[Address Reference Count : 1]<UL><LI> startup_stm32u575xx.o(RESET)
</UL>
<P><STRONG><a name="[14]"></a>RCC_IRQHandler</STRONG> (Thumb, 0 bytes, Stack size 0 bytes, startup_stm32u575xx.o(.text))
<BR>[Address Reference Count : 1]<UL><LI> startup_stm32u575xx.o(RESET)
</UL>
<P><STRONG><a name="[15]"></a>RCC_S_IRQHandler</STRONG> (Thumb, 0 bytes, Stack size 0 bytes, startup_stm32u575xx.o(.text))
<BR>[Address Reference Count : 1]<UL><LI> startup_stm32u575xx.o(RESET)
</UL>
<P><STRONG><a name="[67]"></a>RNG_IRQHandler</STRONG> (Thumb, 0 bytes, Stack size 0 bytes, startup_stm32u575xx.o(.text))
<BR>[Address Reference Count : 1]<UL><LI> startup_stm32u575xx.o(RESET)
</UL>
<P><STRONG><a name="[d]"></a>RTC_IRQHandler</STRONG> (Thumb, 0 bytes, Stack size 0 bytes, startup_stm32u575xx.o(.text))
<BR>[Address Reference Count : 1]<UL><LI> startup_stm32u575xx.o(RESET)
</UL>
<P><STRONG><a name="[e]"></a>RTC_S_IRQHandler</STRONG> (Thumb, 0 bytes, Stack size 0 bytes, startup_stm32u575xx.o(.text))
<BR>[Address Reference Count : 1]<UL><LI> startup_stm32u575xx.o(RESET)
</UL>
<P><STRONG><a name="[64]"></a>SAI1_IRQHandler</STRONG> (Thumb, 0 bytes, Stack size 0 bytes, startup_stm32u575xx.o(.text))
<BR>[Address Reference Count : 1]<UL><LI> startup_stm32u575xx.o(RESET)
</UL>
<P><STRONG><a name="[65]"></a>SAI2_IRQHandler</STRONG> (Thumb, 0 bytes, Stack size 0 bytes, startup_stm32u575xx.o(.text))
<BR>[Address Reference Count : 1]<UL><LI> startup_stm32u575xx.o(RESET)
</UL>
<P><STRONG><a name="[58]"></a>SDMMC1_IRQHandler</STRONG> (Thumb, 0 bytes, Stack size 0 bytes, startup_stm32u575xx.o(.text))
<BR>[Address Reference Count : 1]<UL><LI> startup_stm32u575xx.o(RESET)
</UL>
<P><STRONG><a name="[59]"></a>SDMMC2_IRQHandler</STRONG> (Thumb, 0 bytes, Stack size 0 bytes, startup_stm32u575xx.o(.text))
<BR>[Address Reference Count : 1]<UL><LI> startup_stm32u575xx.o(RESET)
</UL>
<P><STRONG><a name="[45]"></a>SPI1_IRQHandler</STRONG> (Thumb, 0 bytes, Stack size 0 bytes, startup_stm32u575xx.o(.text))
<BR>[Address Reference Count : 1]<UL><LI> startup_stm32u575xx.o(RESET)
</UL>
<P><STRONG><a name="[46]"></a>SPI2_IRQHandler</STRONG> (Thumb, 0 bytes, Stack size 0 bytes, startup_stm32u575xx.o(.text))
<BR>[Address Reference Count : 1]<UL><LI> startup_stm32u575xx.o(RESET)
</UL>
<P><STRONG><a name="[6b]"></a>SPI3_IRQHandler</STRONG> (Thumb, 0 bytes, Stack size 0 bytes, startup_stm32u575xx.o(.text))
<BR>[Address Reference Count : 1]<UL><LI> startup_stm32u575xx.o(RESET)
</UL>
<P><STRONG><a name="[f]"></a>TAMP_IRQHandler</STRONG> (Thumb, 0 bytes, Stack size 0 bytes, startup_stm32u575xx.o(.text))
<BR>[Address Reference Count : 1]<UL><LI> startup_stm32u575xx.o(RESET)
</UL>
<P><STRONG><a name="[4f]"></a>TIM15_IRQHandler</STRONG> (Thumb, 0 bytes, Stack size 0 bytes, startup_stm32u575xx.o(.text))
<BR>[Address Reference Count : 1]<UL><LI> startup_stm32u575xx.o(RESET)
</UL>
<P><STRONG><a name="[51]"></a>TIM17_IRQHandler</STRONG> (Thumb, 0 bytes, Stack size 0 bytes, startup_stm32u575xx.o(.text))
<BR>[Address Reference Count : 1]<UL><LI> startup_stm32u575xx.o(RESET)
</UL>
<P><STRONG><a name="[33]"></a>TIM1_BRK_IRQHandler</STRONG> (Thumb, 0 bytes, Stack size 0 bytes, startup_stm32u575xx.o(.text))
<BR>[Address Reference Count : 1]<UL><LI> startup_stm32u575xx.o(RESET)
</UL>
<P><STRONG><a name="[36]"></a>TIM1_CC_IRQHandler</STRONG> (Thumb, 0 bytes, Stack size 0 bytes, startup_stm32u575xx.o(.text))
<BR>[Address Reference Count : 1]<UL><LI> startup_stm32u575xx.o(RESET)
</UL>
<P><STRONG><a name="[35]"></a>TIM1_TRG_COM_IRQHandler</STRONG> (Thumb, 0 bytes, Stack size 0 bytes, startup_stm32u575xx.o(.text))
<BR>[Address Reference Count : 1]<UL><LI> startup_stm32u575xx.o(RESET)
</UL>
<P><STRONG><a name="[34]"></a>TIM1_UP_IRQHandler</STRONG> (Thumb, 0 bytes, Stack size 0 bytes, startup_stm32u575xx.o(.text))
<BR>[Address Reference Count : 1]<UL><LI> startup_stm32u575xx.o(RESET)
</UL>
<P><STRONG><a name="[37]"></a>TIM2_IRQHandler</STRONG> (Thumb, 0 bytes, Stack size 0 bytes, startup_stm32u575xx.o(.text))
<BR>[Address Reference Count : 1]<UL><LI> startup_stm32u575xx.o(RESET)
</UL>
<P><STRONG><a name="[38]"></a>TIM3_IRQHandler</STRONG> (Thumb, 0 bytes, Stack size 0 bytes, startup_stm32u575xx.o(.text))
<BR>[Address Reference Count : 1]<UL><LI> startup_stm32u575xx.o(RESET)
</UL>
<P><STRONG><a name="[39]"></a>TIM4_IRQHandler</STRONG> (Thumb, 0 bytes, Stack size 0 bytes, startup_stm32u575xx.o(.text))
<BR>[Address Reference Count : 1]<UL><LI> startup_stm32u575xx.o(RESET)
</UL>
<P><STRONG><a name="[3a]"></a>TIM5_IRQHandler</STRONG> (Thumb, 0 bytes, Stack size 0 bytes, startup_stm32u575xx.o(.text))
<BR>[Address Reference Count : 1]<UL><LI> startup_stm32u575xx.o(RESET)
</UL>
<P><STRONG><a name="[3b]"></a>TIM6_IRQHandler</STRONG> (Thumb, 0 bytes, Stack size 0 bytes, startup_stm32u575xx.o(.text))
<BR>[Address Reference Count : 1]<UL><LI> startup_stm32u575xx.o(RESET)
</UL>
<P><STRONG><a name="[3c]"></a>TIM7_IRQHandler</STRONG> (Thumb, 0 bytes, Stack size 0 bytes, startup_stm32u575xx.o(.text))
<BR>[Address Reference Count : 1]<UL><LI> startup_stm32u575xx.o(RESET)
</UL>
<P><STRONG><a name="[3d]"></a>TIM8_BRK_IRQHandler</STRONG> (Thumb, 0 bytes, Stack size 0 bytes, startup_stm32u575xx.o(.text))
<BR>[Address Reference Count : 1]<UL><LI> startup_stm32u575xx.o(RESET)
</UL>
<P><STRONG><a name="[40]"></a>TIM8_CC_IRQHandler</STRONG> (Thumb, 0 bytes, Stack size 0 bytes, startup_stm32u575xx.o(.text))
<BR>[Address Reference Count : 1]<UL><LI> startup_stm32u575xx.o(RESET)
</UL>
<P><STRONG><a name="[3f]"></a>TIM8_TRG_COM_IRQHandler</STRONG> (Thumb, 0 bytes, Stack size 0 bytes, startup_stm32u575xx.o(.text))
<BR>[Address Reference Count : 1]<UL><LI> startup_stm32u575xx.o(RESET)
</UL>
<P><STRONG><a name="[3e]"></a>TIM8_UP_IRQHandler</STRONG> (Thumb, 0 bytes, Stack size 0 bytes, startup_stm32u575xx.o(.text))
<BR>[Address Reference Count : 1]<UL><LI> startup_stm32u575xx.o(RESET)
</UL>
<P><STRONG><a name="[66]"></a>TSC_IRQHandler</STRONG> (Thumb, 0 bytes, Stack size 0 bytes, startup_stm32u575xx.o(.text))
<BR>[Address Reference Count : 1]<UL><LI> startup_stm32u575xx.o(RESET)
</UL>
<P><STRONG><a name="[4a]"></a>UART4_IRQHandler</STRONG> (Thumb, 0 bytes, Stack size 0 bytes, startup_stm32u575xx.o(.text))
<BR>[Address Reference Count : 1]<UL><LI> startup_stm32u575xx.o(RESET)
</UL>
<P><STRONG><a name="[4b]"></a>UART5_IRQHandler</STRONG> (Thumb, 0 bytes, Stack size 0 bytes, startup_stm32u575xx.o(.text))
<BR>[Address Reference Count : 1]<UL><LI> startup_stm32u575xx.o(RESET)
</UL>
<P><STRONG><a name="[72]"></a>UCPD1_IRQHandler</STRONG> (Thumb, 0 bytes, Stack size 0 bytes, startup_stm32u575xx.o(.text))
<BR>[Address Reference Count : 1]<UL><LI> startup_stm32u575xx.o(RESET)
</UL>
<P><STRONG><a name="[47]"></a>USART1_IRQHandler</STRONG> (Thumb, 0 bytes, Stack size 0 bytes, startup_stm32u575xx.o(.text))
<BR>[Address Reference Count : 1]<UL><LI> startup_stm32u575xx.o(RESET)
</UL>
<P><STRONG><a name="[48]"></a>USART2_IRQHandler</STRONG> (Thumb, 0 bytes, Stack size 0 bytes, startup_stm32u575xx.o(.text))
<BR>[Address Reference Count : 1]<UL><LI> startup_stm32u575xx.o(RESET)
</UL>
<P><STRONG><a name="[49]"></a>USART3_IRQHandler</STRONG> (Thumb, 0 bytes, Stack size 0 bytes, startup_stm32u575xx.o(.text))
<BR>[Address Reference Count : 1]<UL><LI> startup_stm32u575xx.o(RESET)
</UL>
<P><STRONG><a name="[b]"></a>WWDG_IRQHandler</STRONG> (Thumb, 0 bytes, Stack size 0 bytes, startup_stm32u575xx.o(.text))
<BR>[Address Reference Count : 1]<UL><LI> startup_stm32u575xx.o(RESET)
</UL>
<P><STRONG><a name="[99]"></a>__user_initial_stackheap</STRONG> (Thumb, 10 bytes, Stack size 0 bytes, startup_stm32u575xx.o(.text))
<BR><BR>[Called By]<UL><LI><a href="#[8b]">&gt;&gt;</a>&nbsp;&nbsp;&nbsp;__user_setup_stackheap
</UL>

<P><STRONG><a name="[155]"></a>__aeabi_uldivmod</STRONG> (Thumb, 0 bytes, Stack size 48 bytes, lludivv7m.o(.text))
<BR><BR>[Stack]<UL><LI>Max Depth = 48<LI>Call Chain = __aeabi_uldivmod
</UL>
<BR>[Called By]<UL><LI><a href="#[12d]">&gt;&gt;</a>&nbsp;&nbsp;&nbsp;UART_SetConfig
</UL>

<P><STRONG><a name="[1a9]"></a>_ll_udiv</STRONG> (Thumb, 240 bytes, Stack size 48 bytes, lludivv7m.o(.text), UNUSED)

<P><STRONG><a name="[14d]"></a>__aeabi_memclr4</STRONG> (Thumb, 0 bytes, Stack size unknown bytes, rt_memclr_w.o(.text))
<BR><BR>[Called By]<UL><LI><a href="#[14c]">&gt;&gt;</a>&nbsp;&nbsp;&nbsp;SystemClock_Config
</UL>

<P><STRONG><a name="[d3]"></a>__aeabi_memclr8</STRONG> (Thumb, 0 bytes, Stack size unknown bytes, rt_memclr_w.o(.text))
<BR><BR>[Called By]<UL><LI><a href="#[12c]">&gt;&gt;</a>&nbsp;&nbsp;&nbsp;HAL_UART_MspInit
<LI><a href="#[121]">&gt;&gt;</a>&nbsp;&nbsp;&nbsp;HAL_SPI_MspInit
<LI><a href="#[10b]">&gt;&gt;</a>&nbsp;&nbsp;&nbsp;HAL_PCD_MspInit
<LI><a href="#[cb]">&gt;&gt;</a>&nbsp;&nbsp;&nbsp;HAL_ADC_MspInit
</UL>

<P><STRONG><a name="[1aa]"></a>__rt_memclr_w</STRONG> (Thumb, 0 bytes, Stack size unknown bytes, rt_memclr_w.o(.text), UNUSED)

<P><STRONG><a name="[1ab]"></a>_memset_w</STRONG> (Thumb, 74 bytes, Stack size 4 bytes, rt_memclr_w.o(.text), UNUSED)

<P><STRONG><a name="[1ac]"></a>__use_two_region_memory</STRONG> (Thumb, 2 bytes, Stack size 0 bytes, heapauxi.o(.text), UNUSED)

<P><STRONG><a name="[1ad]"></a>__rt_heap_escrow$2region</STRONG> (Thumb, 2 bytes, Stack size 0 bytes, heapauxi.o(.text), UNUSED)

<P><STRONG><a name="[1ae]"></a>__rt_heap_expand$2region</STRONG> (Thumb, 2 bytes, Stack size 0 bytes, heapauxi.o(.text), UNUSED)

<P><STRONG><a name="[95]"></a>__read_errno</STRONG> (Thumb, 10 bytes, Stack size 8 bytes, _rserrno.o(.text), UNUSED)
<BR><BR>[Calls]<UL><LI><a href="#[96]">&gt;&gt;</a>&nbsp;&nbsp;&nbsp;__aeabi_errno_addr
</UL>

<P><STRONG><a name="[97]"></a>__set_errno</STRONG> (Thumb, 12 bytes, Stack size 8 bytes, _rserrno.o(.text))
<BR><BR>[Stack]<UL><LI>Max Depth = 8<LI>Call Chain = __set_errno
</UL>
<BR>[Calls]<UL><LI><a href="#[96]">&gt;&gt;</a>&nbsp;&nbsp;&nbsp;__aeabi_errno_addr
</UL>
<BR>[Called By]<UL><LI><a href="#[15e]">&gt;&gt;</a>&nbsp;&nbsp;&nbsp;sqrt
<LI><a href="#[a3]">&gt;&gt;</a>&nbsp;&nbsp;&nbsp;__hardfp_pow
</UL>

<P><STRONG><a name="[96]"></a>__aeabi_errno_addr</STRONG> (Thumb, 8 bytes, Stack size 0 bytes, rt_errno_addr_intlibspace.o(.text))
<BR><BR>[Called By]<UL><LI><a href="#[97]">&gt;&gt;</a>&nbsp;&nbsp;&nbsp;__set_errno
<LI><a href="#[95]">&gt;&gt;</a>&nbsp;&nbsp;&nbsp;__read_errno
</UL>

<P><STRONG><a name="[1af]"></a>__errno$intlibspace</STRONG> (Thumb, 0 bytes, Stack size 0 bytes, rt_errno_addr_intlibspace.o(.text), UNUSED)

<P><STRONG><a name="[1b0]"></a>__rt_errno_addr$intlibspace</STRONG> (Thumb, 0 bytes, Stack size 0 bytes, rt_errno_addr_intlibspace.o(.text), UNUSED)

<P><STRONG><a name="[1b1]"></a>__user_libspace</STRONG> (Thumb, 8 bytes, Stack size 0 bytes, libspace.o(.text), UNUSED)

<P><STRONG><a name="[98]"></a>__user_perproc_libspace</STRONG> (Thumb, 0 bytes, Stack size 0 bytes, libspace.o(.text))
<BR><BR>[Called By]<UL><LI><a href="#[8b]">&gt;&gt;</a>&nbsp;&nbsp;&nbsp;__user_setup_stackheap
</UL>

<P><STRONG><a name="[1b2]"></a>__user_perthread_libspace</STRONG> (Thumb, 0 bytes, Stack size 0 bytes, libspace.o(.text), UNUSED)

<P><STRONG><a name="[8b]"></a>__user_setup_stackheap</STRONG> (Thumb, 74 bytes, Stack size 8 bytes, sys_stackheap_outer.o(.text))
<BR><BR>[Stack]<UL><LI>Max Depth = 8<LI>Call Chain = __user_setup_stackheap
</UL>
<BR>[Calls]<UL><LI><a href="#[99]">&gt;&gt;</a>&nbsp;&nbsp;&nbsp;__user_initial_stackheap
<LI><a href="#[98]">&gt;&gt;</a>&nbsp;&nbsp;&nbsp;__user_perproc_libspace
</UL>
<BR>[Called By]<UL><LI><a href="#[8a]">&gt;&gt;</a>&nbsp;&nbsp;&nbsp;__rt_entry_sh
</UL>

<P><STRONG><a name="[90]"></a>exit</STRONG> (Thumb, 18 bytes, Stack size 8 bytes, exit.o(.text))
<BR><BR>[Stack]<UL><LI>Max Depth = 8 + Unknown Stack Size
<LI>Call Chain = exit
</UL>
<BR>[Calls]<UL><LI><a href="#[9a]">&gt;&gt;</a>&nbsp;&nbsp;&nbsp;__rt_exit
</UL>
<BR>[Called By]<UL><LI><a href="#[8e]">&gt;&gt;</a>&nbsp;&nbsp;&nbsp;__rt_entry_main
</UL>

<P><STRONG><a name="[94]"></a>_sys_exit</STRONG> (Thumb, 8 bytes, Stack size 0 bytes, sys_exit.o(.text))
<BR><BR>[Called By]<UL><LI><a href="#[93]">&gt;&gt;</a>&nbsp;&nbsp;&nbsp;__rt_exit_exit
</UL>

<P><STRONG><a name="[1b3]"></a>__I$use$semihosting</STRONG> (Thumb, 0 bytes, Stack size 0 bytes, use_no_semi.o(.text), UNUSED)

<P><STRONG><a name="[1b4]"></a>__use_no_semihosting_swi</STRONG> (Thumb, 2 bytes, Stack size 0 bytes, use_no_semi.o(.text), UNUSED)

<P><STRONG><a name="[1b5]"></a>__semihosting_library_function</STRONG> (Thumb, 0 bytes, Stack size unknown bytes, indicate_semi.o(.text), UNUSED)

<P><STRONG><a name="[9b]"></a>AD5522_Calibrate</STRONG> (Thumb, 1012 bytes, Stack size 40 bytes, ad5522.o(.text.AD5522_Calibrate))
<BR><BR>[Stack]<UL><LI>Max Depth = 152<LI>Call Chain = AD5522_Calibrate &rArr; AD5522_WriteReg &rArr; HAL_SPI_Transmit &rArr; SPI_WaitOnFlagUntilTimeout
</UL>
<BR>[Calls]<UL><LI><a href="#[9c]">&gt;&gt;</a>&nbsp;&nbsp;&nbsp;AD5522_WriteReg
</UL>
<BR>[Called By]<UL><LI><a href="#[8f]">&gt;&gt;</a>&nbsp;&nbsp;&nbsp;main
</UL>

<P><STRONG><a name="[9d]"></a>AD5522_SetClamp</STRONG> (Thumb, 480 bytes, Stack size 56 bytes, ad5522.o(.text.AD5522_SetClamp))
<BR><BR>[Stack]<UL><LI>Max Depth = 200<LI>Call Chain = AD5522_SetClamp &rArr; AD5522_SetPMU &rArr; AD5522_WriteReg &rArr; HAL_SPI_Transmit &rArr; SPI_WaitOnFlagUntilTimeout
</UL>
<BR>[Calls]<UL><LI><a href="#[9e]">&gt;&gt;</a>&nbsp;&nbsp;&nbsp;SetRsense
<LI><a href="#[9c]">&gt;&gt;</a>&nbsp;&nbsp;&nbsp;AD5522_WriteReg
<LI><a href="#[9f]">&gt;&gt;</a>&nbsp;&nbsp;&nbsp;AD5522_SetPMU
</UL>
<BR>[Called By]<UL><LI><a href="#[a0]">&gt;&gt;</a>&nbsp;&nbsp;&nbsp;AD5522_SetClamp_float
</UL>

<P><STRONG><a name="[a0]"></a>AD5522_SetClamp_float</STRONG> (Thumb, 1248 bytes, Stack size 248 bytes, ad5522.o(.text.AD5522_SetClamp_float))
<BR><BR>[Stack]<UL><LI>Max Depth = 504<LI>Call Chain = AD5522_SetClamp_float &rArr; __hardfp_pow &rArr; sqrt &rArr; _dsqrt &rArr; __fpl_dnaninf
</UL>
<BR>[Calls]<UL><LI><a href="#[9e]">&gt;&gt;</a>&nbsp;&nbsp;&nbsp;SetRsense
<LI><a href="#[9d]">&gt;&gt;</a>&nbsp;&nbsp;&nbsp;AD5522_SetClamp
<LI><a href="#[a3]">&gt;&gt;</a>&nbsp;&nbsp;&nbsp;__hardfp_pow
<LI><a href="#[a1]">&gt;&gt;</a>&nbsp;&nbsp;&nbsp;__aeabi_f2d
<LI><a href="#[a4]">&gt;&gt;</a>&nbsp;&nbsp;&nbsp;__aeabi_dmul
<LI><a href="#[a8]">&gt;&gt;</a>&nbsp;&nbsp;&nbsp;__aeabi_d2iz
<LI><a href="#[a2]">&gt;&gt;</a>&nbsp;&nbsp;&nbsp;__aeabi_ddiv
<LI><a href="#[a6]">&gt;&gt;</a>&nbsp;&nbsp;&nbsp;__aeabi_dcmple
<LI><a href="#[a7]">&gt;&gt;</a>&nbsp;&nbsp;&nbsp;__aeabi_dcmpge
<LI><a href="#[a5]">&gt;&gt;</a>&nbsp;&nbsp;&nbsp;__aeabi_dadd
</UL>
<BR>[Called By]<UL><LI><a href="#[8f]">&gt;&gt;</a>&nbsp;&nbsp;&nbsp;main
</UL>

<P><STRONG><a name="[a9]"></a>AD5522_SetOutputVoltage</STRONG> (Thumb, 96 bytes, Stack size 24 bytes, ad5522.o(.text.AD5522_SetOutputVoltage))
<BR><BR>[Stack]<UL><LI>Max Depth = 136<LI>Call Chain = AD5522_SetOutputVoltage &rArr; AD5522_WriteReg &rArr; HAL_SPI_Transmit &rArr; SPI_WaitOnFlagUntilTimeout
</UL>
<BR>[Calls]<UL><LI><a href="#[9c]">&gt;&gt;</a>&nbsp;&nbsp;&nbsp;AD5522_WriteReg
</UL>
<BR>[Called By]<UL><LI><a href="#[ac]">&gt;&gt;</a>&nbsp;&nbsp;&nbsp;AD5522_StartFVMI
<LI><a href="#[aa]">&gt;&gt;</a>&nbsp;&nbsp;&nbsp;AD5522_SetOutputVoltage_float
</UL>

<P><STRONG><a name="[aa]"></a>AD5522_SetOutputVoltage_float</STRONG> (Thumb, 328 bytes, Stack size 80 bytes, ad5522.o(.text.AD5522_SetOutputVoltage_float))
<BR><BR>[Stack]<UL><LI>Max Depth = 336<LI>Call Chain = AD5522_SetOutputVoltage_float &rArr; __hardfp_pow &rArr; sqrt &rArr; _dsqrt &rArr; __fpl_dnaninf
</UL>
<BR>[Calls]<UL><LI><a href="#[a9]">&gt;&gt;</a>&nbsp;&nbsp;&nbsp;AD5522_SetOutputVoltage
<LI><a href="#[a3]">&gt;&gt;</a>&nbsp;&nbsp;&nbsp;__hardfp_pow
<LI><a href="#[a1]">&gt;&gt;</a>&nbsp;&nbsp;&nbsp;__aeabi_f2d
<LI><a href="#[a4]">&gt;&gt;</a>&nbsp;&nbsp;&nbsp;__aeabi_dmul
<LI><a href="#[a8]">&gt;&gt;</a>&nbsp;&nbsp;&nbsp;__aeabi_d2iz
<LI><a href="#[a2]">&gt;&gt;</a>&nbsp;&nbsp;&nbsp;__aeabi_ddiv
<LI><a href="#[a6]">&gt;&gt;</a>&nbsp;&nbsp;&nbsp;__aeabi_dcmple
<LI><a href="#[a7]">&gt;&gt;</a>&nbsp;&nbsp;&nbsp;__aeabi_dcmpge
<LI><a href="#[a5]">&gt;&gt;</a>&nbsp;&nbsp;&nbsp;__aeabi_dadd
</UL>
<BR>[Called By]<UL><LI><a href="#[50]">&gt;&gt;</a>&nbsp;&nbsp;&nbsp;TIM16_IRQHandler
</UL>

<P><STRONG><a name="[9f]"></a>AD5522_SetPMU</STRONG> (Thumb, 102 bytes, Stack size 32 bytes, ad5522.o(.text.AD5522_SetPMU))
<BR><BR>[Stack]<UL><LI>Max Depth = 144<LI>Call Chain = AD5522_SetPMU &rArr; AD5522_WriteReg &rArr; HAL_SPI_Transmit &rArr; SPI_WaitOnFlagUntilTimeout
</UL>
<BR>[Calls]<UL><LI><a href="#[9c]">&gt;&gt;</a>&nbsp;&nbsp;&nbsp;AD5522_WriteReg
</UL>
<BR>[Called By]<UL><LI><a href="#[af]">&gt;&gt;</a>&nbsp;&nbsp;&nbsp;AD5522_init
<LI><a href="#[ac]">&gt;&gt;</a>&nbsp;&nbsp;&nbsp;AD5522_StartFVMI
<LI><a href="#[9d]">&gt;&gt;</a>&nbsp;&nbsp;&nbsp;AD5522_SetClamp
</UL>

<P><STRONG><a name="[ab]"></a>AD5522_SetSystemControl</STRONG> (Thumb, 30 bytes, Stack size 16 bytes, ad5522.o(.text.AD5522_SetSystemControl))
<BR><BR>[Stack]<UL><LI>Max Depth = 128<LI>Call Chain = AD5522_SetSystemControl &rArr; AD5522_WriteReg &rArr; HAL_SPI_Transmit &rArr; SPI_WaitOnFlagUntilTimeout
</UL>
<BR>[Calls]<UL><LI><a href="#[9c]">&gt;&gt;</a>&nbsp;&nbsp;&nbsp;AD5522_WriteReg
</UL>
<BR>[Called By]<UL><LI><a href="#[af]">&gt;&gt;</a>&nbsp;&nbsp;&nbsp;AD5522_init
</UL>

<P><STRONG><a name="[ac]"></a>AD5522_StartFVMI</STRONG> (Thumb, 174 bytes, Stack size 32 bytes, ad5522.o(.text.AD5522_StartFVMI))
<BR><BR>[Stack]<UL><LI>Max Depth = 176<LI>Call Chain = AD5522_StartFVMI &rArr; AD5522_SetPMU &rArr; AD5522_WriteReg &rArr; HAL_SPI_Transmit &rArr; SPI_WaitOnFlagUntilTimeout
</UL>
<BR>[Calls]<UL><LI><a href="#[9e]">&gt;&gt;</a>&nbsp;&nbsp;&nbsp;SetRsense
<LI><a href="#[9f]">&gt;&gt;</a>&nbsp;&nbsp;&nbsp;AD5522_SetPMU
<LI><a href="#[a9]">&gt;&gt;</a>&nbsp;&nbsp;&nbsp;AD5522_SetOutputVoltage
</UL>
<BR>[Called By]<UL><LI><a href="#[8f]">&gt;&gt;</a>&nbsp;&nbsp;&nbsp;main
</UL>

<P><STRONG><a name="[9c]"></a>AD5522_WriteReg</STRONG> (Thumb, 72 bytes, Stack size 32 bytes, ad5522.o(.text.AD5522_WriteReg))
<BR><BR>[Stack]<UL><LI>Max Depth = 112<LI>Call Chain = AD5522_WriteReg &rArr; HAL_SPI_Transmit &rArr; SPI_WaitOnFlagUntilTimeout
</UL>
<BR>[Calls]<UL><LI><a href="#[ae]">&gt;&gt;</a>&nbsp;&nbsp;&nbsp;HAL_SPI_Transmit
<LI><a href="#[ad]">&gt;&gt;</a>&nbsp;&nbsp;&nbsp;HAL_GPIO_WritePin
</UL>
<BR>[Called By]<UL><LI><a href="#[ab]">&gt;&gt;</a>&nbsp;&nbsp;&nbsp;AD5522_SetSystemControl
<LI><a href="#[9f]">&gt;&gt;</a>&nbsp;&nbsp;&nbsp;AD5522_SetPMU
<LI><a href="#[a9]">&gt;&gt;</a>&nbsp;&nbsp;&nbsp;AD5522_SetOutputVoltage
<LI><a href="#[9d]">&gt;&gt;</a>&nbsp;&nbsp;&nbsp;AD5522_SetClamp
<LI><a href="#[9b]">&gt;&gt;</a>&nbsp;&nbsp;&nbsp;AD5522_Calibrate
</UL>

<P><STRONG><a name="[af]"></a>AD5522_init</STRONG> (Thumb, 102 bytes, Stack size 32 bytes, ad5522.o(.text.AD5522_init))
<BR><BR>[Stack]<UL><LI>Max Depth = 176<LI>Call Chain = AD5522_init &rArr; AD5522_SetPMU &rArr; AD5522_WriteReg &rArr; HAL_SPI_Transmit &rArr; SPI_WaitOnFlagUntilTimeout
</UL>
<BR>[Calls]<UL><LI><a href="#[ab]">&gt;&gt;</a>&nbsp;&nbsp;&nbsp;AD5522_SetSystemControl
<LI><a href="#[9f]">&gt;&gt;</a>&nbsp;&nbsp;&nbsp;AD5522_SetPMU
</UL>
<BR>[Called By]<UL><LI><a href="#[8f]">&gt;&gt;</a>&nbsp;&nbsp;&nbsp;main
</UL>

<P><STRONG><a name="[2f]"></a>ADC1_IRQHandler</STRONG> (Thumb, 148 bytes, Stack size 16 bytes, stm32u5xx_it.o(.text.ADC1_IRQHandler))
<BR><BR>[Stack]<UL><LI>Max Depth = 20<LI>Call Chain = ADC1_IRQHandler &rArr; HAL_ADC_GetValue
</UL>
<BR>[Calls]<UL><LI><a href="#[b0]">&gt;&gt;</a>&nbsp;&nbsp;&nbsp;HAL_ADC_GetValue
</UL>
<BR>[Address Reference Count : 1]<UL><LI> startup_stm32u575xx.o(RESET)
</UL>
<P><STRONG><a name="[b1]"></a>ADC_Disable</STRONG> (Thumb, 196 bytes, Stack size 24 bytes, stm32u5xx_hal_adc.o(.text.ADC_Disable))
<BR><BR>[Stack]<UL><LI>Max Depth = 28<LI>Call Chain = ADC_Disable &rArr; LL_ADC_IsEnabled
</UL>
<BR>[Calls]<UL><LI><a href="#[b5]">&gt;&gt;</a>&nbsp;&nbsp;&nbsp;HAL_GetTick
<LI><a href="#[b3]">&gt;&gt;</a>&nbsp;&nbsp;&nbsp;LL_ADC_IsEnabled
<LI><a href="#[b2]">&gt;&gt;</a>&nbsp;&nbsp;&nbsp;LL_ADC_IsDisableOngoing
<LI><a href="#[b4]">&gt;&gt;</a>&nbsp;&nbsp;&nbsp;LL_ADC_Disable
</UL>
<BR>[Called By]<UL><LI><a href="#[b9]">&gt;&gt;</a>&nbsp;&nbsp;&nbsp;HAL_ADCEx_Calibration_Start
</UL>

<P><STRONG><a name="[b6]"></a>ADC_Enable</STRONG> (Thumb, 220 bytes, Stack size 24 bytes, stm32u5xx_hal_adc.o(.text.ADC_Enable))
<BR><BR>[Stack]<UL><LI>Max Depth = 28<LI>Call Chain = ADC_Enable &rArr; LL_ADC_IsEnabled
</UL>
<BR>[Calls]<UL><LI><a href="#[b5]">&gt;&gt;</a>&nbsp;&nbsp;&nbsp;HAL_GetTick
<LI><a href="#[b3]">&gt;&gt;</a>&nbsp;&nbsp;&nbsp;LL_ADC_IsEnabled
<LI><a href="#[b7]">&gt;&gt;</a>&nbsp;&nbsp;&nbsp;LL_ADC_Enable
</UL>
<BR>[Called By]<UL><LI><a href="#[d9]">&gt;&gt;</a>&nbsp;&nbsp;&nbsp;HAL_ADC_Start_IT
</UL>

<P><STRONG><a name="[4]"></a>BusFault_Handler</STRONG> (Thumb, 4 bytes, Stack size 0 bytes, stm32u5xx_it.o(.text.BusFault_Handler))
<BR>[Address Reference Count : 1]<UL><LI> startup_stm32u575xx.o(RESET)
</UL>
<P><STRONG><a name="[8]"></a>DebugMon_Handler</STRONG> (Thumb, 2 bytes, Stack size 0 bytes, stm32u5xx_it.o(.text.DebugMon_Handler))
<BR>[Address Reference Count : 1]<UL><LI> startup_stm32u575xx.o(RESET)
</UL>
<P><STRONG><a name="[d5]"></a>Error_Handler</STRONG> (Thumb, 14 bytes, Stack size 4 bytes, main.o(.text.Error_Handler))
<BR><BR>[Stack]<UL><LI>Max Depth = 4<LI>Call Chain = Error_Handler
</UL>
<BR>[Called By]<UL><LI><a href="#[12c]">&gt;&gt;</a>&nbsp;&nbsp;&nbsp;HAL_UART_MspInit
<LI><a href="#[121]">&gt;&gt;</a>&nbsp;&nbsp;&nbsp;HAL_SPI_MspInit
<LI><a href="#[10b]">&gt;&gt;</a>&nbsp;&nbsp;&nbsp;HAL_PCD_MspInit
<LI><a href="#[cb]">&gt;&gt;</a>&nbsp;&nbsp;&nbsp;HAL_ADC_MspInit
<LI><a href="#[8f]">&gt;&gt;</a>&nbsp;&nbsp;&nbsp;main
<LI><a href="#[14c]">&gt;&gt;</a>&nbsp;&nbsp;&nbsp;SystemClock_Config
<LI><a href="#[14f]">&gt;&gt;</a>&nbsp;&nbsp;&nbsp;SystemPower_Config
<LI><a href="#[146]">&gt;&gt;</a>&nbsp;&nbsp;&nbsp;MX_USB_OTG_FS_PCD_Init
<LI><a href="#[144]">&gt;&gt;</a>&nbsp;&nbsp;&nbsp;MX_USART1_UART_Init
<LI><a href="#[140]">&gt;&gt;</a>&nbsp;&nbsp;&nbsp;MX_TIM16_Init
<LI><a href="#[13e]">&gt;&gt;</a>&nbsp;&nbsp;&nbsp;MX_SPI1_Init
<LI><a href="#[13b]">&gt;&gt;</a>&nbsp;&nbsp;&nbsp;MX_ICACHE_Init
<LI><a href="#[138]">&gt;&gt;</a>&nbsp;&nbsp;&nbsp;MX_GPDMA1_Init
<LI><a href="#[137]">&gt;&gt;</a>&nbsp;&nbsp;&nbsp;MX_ADC1_Init
</UL>

<P><STRONG><a name="[5c]"></a>GPDMA1_Channel10_IRQHandler</STRONG> (Thumb, 16 bytes, Stack size 8 bytes, stm32u5xx_it.o(.text.GPDMA1_Channel10_IRQHandler))
<BR><BR>[Stack]<UL><LI>Max Depth = 32<LI>Call Chain = GPDMA1_Channel10_IRQHandler &rArr; HAL_DMA_IRQHandler
</UL>
<BR>[Calls]<UL><LI><a href="#[b8]">&gt;&gt;</a>&nbsp;&nbsp;&nbsp;HAL_DMA_IRQHandler
</UL>
<BR>[Address Reference Count : 1]<UL><LI> startup_stm32u575xx.o(RESET)
</UL>
<P><STRONG><a name="[b9]"></a>HAL_ADCEx_Calibration_Start</STRONG> (Thumb, 226 bytes, Stack size 32 bytes, stm32u5xx_hal_adc_ex.o(.text.HAL_ADCEx_Calibration_Start))
<BR><BR>[Stack]<UL><LI>Max Depth = 60<LI>Call Chain = HAL_ADCEx_Calibration_Start &rArr; ADC_Disable &rArr; LL_ADC_IsEnabled
</UL>
<BR>[Calls]<UL><LI><a href="#[ba]">&gt;&gt;</a>&nbsp;&nbsp;&nbsp;LL_ADC_StartCalibration
<LI><a href="#[bb]">&gt;&gt;</a>&nbsp;&nbsp;&nbsp;LL_ADC_IsCalibrationOnGoing
<LI><a href="#[b1]">&gt;&gt;</a>&nbsp;&nbsp;&nbsp;ADC_Disable
</UL>
<BR>[Called By]<UL><LI><a href="#[8f]">&gt;&gt;</a>&nbsp;&nbsp;&nbsp;main
</UL>

<P><STRONG><a name="[bc]"></a>HAL_ADC_ConfigChannel</STRONG> (Thumb, 3116 bytes, Stack size 184 bytes, stm32u5xx_hal_adc.o(.text.HAL_ADC_ConfigChannel))
<BR><BR>[Stack]<UL><LI>Max Depth = 232<LI>Call Chain = HAL_ADC_ConfigChannel &rArr; LL_ADC_SetChannelSamplingTime
</UL>
<BR>[Calls]<UL><LI><a href="#[c7]">&gt;&gt;</a>&nbsp;&nbsp;&nbsp;HAL_GetREVID
<LI><a href="#[c3]">&gt;&gt;</a>&nbsp;&nbsp;&nbsp;LL_ADC_SetOffsetSignedSaturation
<LI><a href="#[c2]">&gt;&gt;</a>&nbsp;&nbsp;&nbsp;LL_ADC_SetOffsetSign
<LI><a href="#[c1]">&gt;&gt;</a>&nbsp;&nbsp;&nbsp;LL_ADC_SetOffset
<LI><a href="#[c6]">&gt;&gt;</a>&nbsp;&nbsp;&nbsp;LL_ADC_SetCommonPathInternalCh
<LI><a href="#[c4]">&gt;&gt;</a>&nbsp;&nbsp;&nbsp;LL_ADC_SetChannelSingleDiff
<LI><a href="#[c0]">&gt;&gt;</a>&nbsp;&nbsp;&nbsp;LL_ADC_SetChannelSamplingTime
<LI><a href="#[be]">&gt;&gt;</a>&nbsp;&nbsp;&nbsp;LL_ADC_REG_SetSequencerRanks
<LI><a href="#[c9]">&gt;&gt;</a>&nbsp;&nbsp;&nbsp;LL_ADC_REG_SetSequencerChRem
<LI><a href="#[c8]">&gt;&gt;</a>&nbsp;&nbsp;&nbsp;LL_ADC_REG_SetSequencerChAdd
<LI><a href="#[bd]">&gt;&gt;</a>&nbsp;&nbsp;&nbsp;LL_ADC_REG_IsConversionOngoing
<LI><a href="#[b3]">&gt;&gt;</a>&nbsp;&nbsp;&nbsp;LL_ADC_IsEnabled
<LI><a href="#[bf]">&gt;&gt;</a>&nbsp;&nbsp;&nbsp;LL_ADC_INJ_IsConversionOngoing
<LI><a href="#[c5]">&gt;&gt;</a>&nbsp;&nbsp;&nbsp;LL_ADC_GetCommonPathInternalCh
</UL>
<BR>[Called By]<UL><LI><a href="#[137]">&gt;&gt;</a>&nbsp;&nbsp;&nbsp;MX_ADC1_Init
</UL>

<P><STRONG><a name="[b0]"></a>HAL_ADC_GetValue</STRONG> (Thumb, 14 bytes, Stack size 4 bytes, stm32u5xx_hal_adc.o(.text.HAL_ADC_GetValue))
<BR><BR>[Stack]<UL><LI>Max Depth = 4<LI>Call Chain = HAL_ADC_GetValue
</UL>
<BR>[Called By]<UL><LI><a href="#[2f]">&gt;&gt;</a>&nbsp;&nbsp;&nbsp;ADC1_IRQHandler
</UL>

<P><STRONG><a name="[ca]"></a>HAL_ADC_Init</STRONG> (Thumb, 1716 bytes, Stack size 88 bytes, stm32u5xx_hal_adc.o(.text.HAL_ADC_Init))
<BR><BR>[Stack]<UL><LI>Max Depth = 440 + Unknown Stack Size
<LI>Call Chain = HAL_ADC_Init &rArr; HAL_ADC_MspInit &rArr; HAL_RCCEx_PeriphCLKConfig &rArr; RCCEx_PLL3_Config
</UL>
<BR>[Calls]<UL><LI><a href="#[d2]">&gt;&gt;</a>&nbsp;&nbsp;&nbsp;LL_ADC_SetSamplingTimeCommonChannels
<LI><a href="#[d1]">&gt;&gt;</a>&nbsp;&nbsp;&nbsp;LL_ADC_SetGainCompensation
<LI><a href="#[d0]">&gt;&gt;</a>&nbsp;&nbsp;&nbsp;LL_ADC_SetCommonClock
<LI><a href="#[bd]">&gt;&gt;</a>&nbsp;&nbsp;&nbsp;LL_ADC_REG_IsConversionOngoing
<LI><a href="#[ce]">&gt;&gt;</a>&nbsp;&nbsp;&nbsp;LL_ADC_IsInternalRegulatorEnabled
<LI><a href="#[b3]">&gt;&gt;</a>&nbsp;&nbsp;&nbsp;LL_ADC_IsEnabled
<LI><a href="#[cc]">&gt;&gt;</a>&nbsp;&nbsp;&nbsp;LL_ADC_IsDeepPowerDownEnabled
<LI><a href="#[bf]">&gt;&gt;</a>&nbsp;&nbsp;&nbsp;LL_ADC_INJ_IsConversionOngoing
<LI><a href="#[cf]">&gt;&gt;</a>&nbsp;&nbsp;&nbsp;LL_ADC_EnableInternalRegulator
<LI><a href="#[cd]">&gt;&gt;</a>&nbsp;&nbsp;&nbsp;LL_ADC_DisableDeepPowerDown
<LI><a href="#[cb]">&gt;&gt;</a>&nbsp;&nbsp;&nbsp;HAL_ADC_MspInit
</UL>
<BR>[Called By]<UL><LI><a href="#[137]">&gt;&gt;</a>&nbsp;&nbsp;&nbsp;MX_ADC1_Init
</UL>

<P><STRONG><a name="[cb]"></a>HAL_ADC_MspInit</STRONG> (Thumb, 276 bytes, Stack size 264 bytes, stm32u5xx_hal_msp.o(.text.HAL_ADC_MspInit))
<BR><BR>[Stack]<UL><LI>Max Depth = 352 + Unknown Stack Size
<LI>Call Chain = HAL_ADC_MspInit &rArr; HAL_RCCEx_PeriphCLKConfig &rArr; RCCEx_PLL3_Config
</UL>
<BR>[Calls]<UL><LI><a href="#[d4]">&gt;&gt;</a>&nbsp;&nbsp;&nbsp;HAL_RCCEx_PeriphCLKConfig
<LI><a href="#[d7]">&gt;&gt;</a>&nbsp;&nbsp;&nbsp;HAL_NVIC_SetPriority
<LI><a href="#[d8]">&gt;&gt;</a>&nbsp;&nbsp;&nbsp;HAL_NVIC_EnableIRQ
<LI><a href="#[d6]">&gt;&gt;</a>&nbsp;&nbsp;&nbsp;HAL_GPIO_Init
<LI><a href="#[d5]">&gt;&gt;</a>&nbsp;&nbsp;&nbsp;Error_Handler
<LI><a href="#[d3]">&gt;&gt;</a>&nbsp;&nbsp;&nbsp;__aeabi_memclr8
</UL>
<BR>[Called By]<UL><LI><a href="#[ca]">&gt;&gt;</a>&nbsp;&nbsp;&nbsp;HAL_ADC_Init
</UL>

<P><STRONG><a name="[d9]"></a>HAL_ADC_Start_IT</STRONG> (Thumb, 364 bytes, Stack size 24 bytes, stm32u5xx_hal_adc.o(.text.HAL_ADC_Start_IT))
<BR><BR>[Stack]<UL><LI>Max Depth = 52<LI>Call Chain = HAL_ADC_Start_IT &rArr; ADC_Enable &rArr; LL_ADC_IsEnabled
</UL>
<BR>[Calls]<UL><LI><a href="#[b6]">&gt;&gt;</a>&nbsp;&nbsp;&nbsp;ADC_Enable
<LI><a href="#[da]">&gt;&gt;</a>&nbsp;&nbsp;&nbsp;LL_ADC_REG_StartConversion
<LI><a href="#[bd]">&gt;&gt;</a>&nbsp;&nbsp;&nbsp;LL_ADC_REG_IsConversionOngoing
</UL>
<BR>[Called By]<UL><LI><a href="#[8f]">&gt;&gt;</a>&nbsp;&nbsp;&nbsp;main
</UL>

<P><STRONG><a name="[db]"></a>HAL_DMAEx_List_Init</STRONG> (Thumb, 898 bytes, Stack size 24 bytes, stm32u5xx_hal_dma_ex.o(.text.HAL_DMAEx_List_Init))
<BR><BR>[Stack]<UL><LI>Max Depth = 40<LI>Call Chain = HAL_DMAEx_List_Init &rArr; DMA_List_Init
</UL>
<BR>[Calls]<UL><LI><a href="#[dc]">&gt;&gt;</a>&nbsp;&nbsp;&nbsp;DMA_List_Init
<LI><a href="#[b5]">&gt;&gt;</a>&nbsp;&nbsp;&nbsp;HAL_GetTick
</UL>
<BR>[Called By]<UL><LI><a href="#[138]">&gt;&gt;</a>&nbsp;&nbsp;&nbsp;MX_GPDMA1_Init
</UL>

<P><STRONG><a name="[139]"></a>HAL_DMA_ConfigChannelAttributes</STRONG> (Thumb, 114 bytes, Stack size 20 bytes, stm32u5xx_hal_dma.o(.text.HAL_DMA_ConfigChannelAttributes))
<BR><BR>[Stack]<UL><LI>Max Depth = 20<LI>Call Chain = HAL_DMA_ConfigChannelAttributes
</UL>
<BR>[Called By]<UL><LI><a href="#[138]">&gt;&gt;</a>&nbsp;&nbsp;&nbsp;MX_GPDMA1_Init
</UL>

<P><STRONG><a name="[b8]"></a>HAL_DMA_IRQHandler</STRONG> (Thumb, 760 bytes, Stack size 24 bytes, stm32u5xx_hal_dma.o(.text.HAL_DMA_IRQHandler))
<BR><BR>[Stack]<UL><LI>Max Depth = 24<LI>Call Chain = HAL_DMA_IRQHandler
</UL>
<BR>[Called By]<UL><LI><a href="#[5c]">&gt;&gt;</a>&nbsp;&nbsp;&nbsp;GPDMA1_Channel10_IRQHandler
</UL>

<P><STRONG><a name="[dd]"></a>HAL_Delay</STRONG> (Thumb, 66 bytes, Stack size 24 bytes, stm32u5xx_hal.o(.text.HAL_Delay))
<BR><BR>[Stack]<UL><LI>Max Depth = 24<LI>Call Chain = HAL_Delay
</UL>
<BR>[Calls]<UL><LI><a href="#[b5]">&gt;&gt;</a>&nbsp;&nbsp;&nbsp;HAL_GetTick
</UL>
<BR>[Called By]<UL><LI><a href="#[8f]">&gt;&gt;</a>&nbsp;&nbsp;&nbsp;main
<LI><a href="#[10e]">&gt;&gt;</a>&nbsp;&nbsp;&nbsp;USB_SetCurrentMode
</UL>

<P><STRONG><a name="[d6]"></a>HAL_GPIO_Init</STRONG> (Thumb, 984 bytes, Stack size 28 bytes, stm32u5xx_hal_gpio.o(.text.HAL_GPIO_Init))
<BR><BR>[Stack]<UL><LI>Max Depth = 28<LI>Call Chain = HAL_GPIO_Init
</UL>
<BR>[Called By]<UL><LI><a href="#[12c]">&gt;&gt;</a>&nbsp;&nbsp;&nbsp;HAL_UART_MspInit
<LI><a href="#[121]">&gt;&gt;</a>&nbsp;&nbsp;&nbsp;HAL_SPI_MspInit
<LI><a href="#[10b]">&gt;&gt;</a>&nbsp;&nbsp;&nbsp;HAL_PCD_MspInit
<LI><a href="#[cb]">&gt;&gt;</a>&nbsp;&nbsp;&nbsp;HAL_ADC_MspInit
<LI><a href="#[13a]">&gt;&gt;</a>&nbsp;&nbsp;&nbsp;MX_GPIO_Init
</UL>

<P><STRONG><a name="[ad]"></a>HAL_GPIO_WritePin</STRONG> (Thumb, 44 bytes, Stack size 8 bytes, stm32u5xx_hal_gpio.o(.text.HAL_GPIO_WritePin))
<BR><BR>[Stack]<UL><LI>Max Depth = 8<LI>Call Chain = HAL_GPIO_WritePin
</UL>
<BR>[Called By]<UL><LI><a href="#[13a]">&gt;&gt;</a>&nbsp;&nbsp;&nbsp;MX_GPIO_Init
<LI><a href="#[9c]">&gt;&gt;</a>&nbsp;&nbsp;&nbsp;AD5522_WriteReg
</UL>

<P><STRONG><a name="[c7]"></a>HAL_GetREVID</STRONG> (Thumb, 14 bytes, Stack size 0 bytes, stm32u5xx_hal.o(.text.HAL_GetREVID))
<BR><BR>[Called By]<UL><LI><a href="#[bc]">&gt;&gt;</a>&nbsp;&nbsp;&nbsp;HAL_ADC_ConfigChannel
</UL>

<P><STRONG><a name="[b5]"></a>HAL_GetTick</STRONG> (Thumb, 12 bytes, Stack size 0 bytes, stm32u5xx_hal.o(.text.HAL_GetTick))
<BR><BR>[Called By]<UL><LI><a href="#[11b]">&gt;&gt;</a>&nbsp;&nbsp;&nbsp;RCCEx_PLL3_Config
<LI><a href="#[11a]">&gt;&gt;</a>&nbsp;&nbsp;&nbsp;RCCEx_PLL2_Config
<LI><a href="#[b6]">&gt;&gt;</a>&nbsp;&nbsp;&nbsp;ADC_Enable
<LI><a href="#[b1]">&gt;&gt;</a>&nbsp;&nbsp;&nbsp;ADC_Disable
<LI><a href="#[e5]">&gt;&gt;</a>&nbsp;&nbsp;&nbsp;HAL_SYSCFG_EnableVREFBUF
<LI><a href="#[d4]">&gt;&gt;</a>&nbsp;&nbsp;&nbsp;HAL_RCCEx_PeriphCLKConfig
<LI><a href="#[11d]">&gt;&gt;</a>&nbsp;&nbsp;&nbsp;HAL_RCC_OscConfig
<LI><a href="#[11c]">&gt;&gt;</a>&nbsp;&nbsp;&nbsp;HAL_RCC_ClockConfig
<LI><a href="#[dd]">&gt;&gt;</a>&nbsp;&nbsp;&nbsp;HAL_Delay
<LI><a href="#[db]">&gt;&gt;</a>&nbsp;&nbsp;&nbsp;HAL_DMAEx_List_Init
<LI><a href="#[ae]">&gt;&gt;</a>&nbsp;&nbsp;&nbsp;HAL_SPI_Transmit
<LI><a href="#[123]">&gt;&gt;</a>&nbsp;&nbsp;&nbsp;SPI_WaitOnFlagUntilTimeout
<LI><a href="#[154]">&gt;&gt;</a>&nbsp;&nbsp;&nbsp;UART_WaitOnFlagUntilTimeout
<LI><a href="#[12f]">&gt;&gt;</a>&nbsp;&nbsp;&nbsp;UART_CheckIdleState
</UL>

<P><STRONG><a name="[13c]"></a>HAL_ICACHE_ConfigAssociativityMode</STRONG> (Thumb, 64 bytes, Stack size 8 bytes, stm32u5xx_hal_icache.o(.text.HAL_ICACHE_ConfigAssociativityMode))
<BR><BR>[Stack]<UL><LI>Max Depth = 8<LI>Call Chain = HAL_ICACHE_ConfigAssociativityMode
</UL>
<BR>[Called By]<UL><LI><a href="#[13b]">&gt;&gt;</a>&nbsp;&nbsp;&nbsp;MX_ICACHE_Init
</UL>

<P><STRONG><a name="[13d]"></a>HAL_ICACHE_Enable</STRONG> (Thumb, 20 bytes, Stack size 0 bytes, stm32u5xx_hal_icache.o(.text.HAL_ICACHE_Enable))
<BR><BR>[Called By]<UL><LI><a href="#[13b]">&gt;&gt;</a>&nbsp;&nbsp;&nbsp;MX_ICACHE_Init
</UL>

<P><STRONG><a name="[14b]"></a>HAL_IncTick</STRONG> (Thumb, 26 bytes, Stack size 0 bytes, stm32u5xx_hal.o(.text.HAL_IncTick))
<BR><BR>[Called By]<UL><LI><a href="#[a]">&gt;&gt;</a>&nbsp;&nbsp;&nbsp;SysTick_Handler
</UL>

<P><STRONG><a name="[de]"></a>HAL_Init</STRONG> (Thumb, 104 bytes, Stack size 16 bytes, stm32u5xx_hal.o(.text.HAL_Init))
<BR><BR>[Stack]<UL><LI>Max Depth = 96<LI>Call Chain = HAL_Init &rArr; HAL_InitTick &rArr; HAL_NVIC_SetPriority &rArr; NVIC_EncodePriority
</UL>
<BR>[Calls]<UL><LI><a href="#[e0]">&gt;&gt;</a>&nbsp;&nbsp;&nbsp;HAL_RCC_GetSysClockFreq
<LI><a href="#[e1]">&gt;&gt;</a>&nbsp;&nbsp;&nbsp;HAL_InitTick
<LI><a href="#[df]">&gt;&gt;</a>&nbsp;&nbsp;&nbsp;HAL_NVIC_SetPriorityGrouping
<LI><a href="#[e2]">&gt;&gt;</a>&nbsp;&nbsp;&nbsp;HAL_MspInit
</UL>
<BR>[Called By]<UL><LI><a href="#[8f]">&gt;&gt;</a>&nbsp;&nbsp;&nbsp;main
</UL>

<P><STRONG><a name="[e1]"></a>HAL_InitTick</STRONG> (Thumb, 134 bytes, Stack size 16 bytes, stm32u5xx_hal.o(.text.HAL_InitTick))
<BR><BR>[Stack]<UL><LI>Max Depth = 80<LI>Call Chain = HAL_InitTick &rArr; HAL_NVIC_SetPriority &rArr; NVIC_EncodePriority
</UL>
<BR>[Calls]<UL><LI><a href="#[e3]">&gt;&gt;</a>&nbsp;&nbsp;&nbsp;HAL_SYSTICK_Config
<LI><a href="#[d7]">&gt;&gt;</a>&nbsp;&nbsp;&nbsp;HAL_NVIC_SetPriority
</UL>
<BR>[Called By]<UL><LI><a href="#[11d]">&gt;&gt;</a>&nbsp;&nbsp;&nbsp;HAL_RCC_OscConfig
<LI><a href="#[11c]">&gt;&gt;</a>&nbsp;&nbsp;&nbsp;HAL_RCC_ClockConfig
<LI><a href="#[de]">&gt;&gt;</a>&nbsp;&nbsp;&nbsp;HAL_Init
</UL>

<P><STRONG><a name="[e2]"></a>HAL_MspInit</STRONG> (Thumb, 94 bytes, Stack size 16 bytes, stm32u5xx_hal_msp.o(.text.HAL_MspInit))
<BR><BR>[Stack]<UL><LI>Max Depth = 44<LI>Call Chain = HAL_MspInit &rArr; HAL_NVIC_SetPriorityGrouping &rArr; __NVIC_SetPriorityGrouping
</UL>
<BR>[Calls]<UL><LI><a href="#[e4]">&gt;&gt;</a>&nbsp;&nbsp;&nbsp;HAL_SYSCFG_VREFBUF_VoltageScalingConfig
<LI><a href="#[e6]">&gt;&gt;</a>&nbsp;&nbsp;&nbsp;HAL_SYSCFG_VREFBUF_HighImpedanceConfig
<LI><a href="#[e5]">&gt;&gt;</a>&nbsp;&nbsp;&nbsp;HAL_SYSCFG_EnableVREFBUF
<LI><a href="#[e7]">&gt;&gt;</a>&nbsp;&nbsp;&nbsp;HAL_PWREx_EnableVddA
<LI><a href="#[df]">&gt;&gt;</a>&nbsp;&nbsp;&nbsp;HAL_NVIC_SetPriorityGrouping
</UL>
<BR>[Called By]<UL><LI><a href="#[de]">&gt;&gt;</a>&nbsp;&nbsp;&nbsp;HAL_Init
</UL>

<P><STRONG><a name="[d8]"></a>HAL_NVIC_EnableIRQ</STRONG> (Thumb, 20 bytes, Stack size 16 bytes, stm32u5xx_hal_cortex.o(.text.HAL_NVIC_EnableIRQ))
<BR><BR>[Stack]<UL><LI>Max Depth = 20<LI>Call Chain = HAL_NVIC_EnableIRQ &rArr; __NVIC_EnableIRQ
</UL>
<BR>[Calls]<UL><LI><a href="#[e8]">&gt;&gt;</a>&nbsp;&nbsp;&nbsp;__NVIC_EnableIRQ
</UL>
<BR>[Called By]<UL><LI><a href="#[126]">&gt;&gt;</a>&nbsp;&nbsp;&nbsp;HAL_TIM_Base_MspInit
<LI><a href="#[10b]">&gt;&gt;</a>&nbsp;&nbsp;&nbsp;HAL_PCD_MspInit
<LI><a href="#[cb]">&gt;&gt;</a>&nbsp;&nbsp;&nbsp;HAL_ADC_MspInit
<LI><a href="#[138]">&gt;&gt;</a>&nbsp;&nbsp;&nbsp;MX_GPDMA1_Init
</UL>

<P><STRONG><a name="[d7]"></a>HAL_NVIC_SetPriority</STRONG> (Thumb, 46 bytes, Stack size 32 bytes, stm32u5xx_hal_cortex.o(.text.HAL_NVIC_SetPriority))
<BR><BR>[Stack]<UL><LI>Max Depth = 64<LI>Call Chain = HAL_NVIC_SetPriority &rArr; NVIC_EncodePriority
</UL>
<BR>[Calls]<UL><LI><a href="#[eb]">&gt;&gt;</a>&nbsp;&nbsp;&nbsp;__NVIC_SetPriority
<LI><a href="#[e9]">&gt;&gt;</a>&nbsp;&nbsp;&nbsp;__NVIC_GetPriorityGrouping
<LI><a href="#[ea]">&gt;&gt;</a>&nbsp;&nbsp;&nbsp;NVIC_EncodePriority
</UL>
<BR>[Called By]<UL><LI><a href="#[e1]">&gt;&gt;</a>&nbsp;&nbsp;&nbsp;HAL_InitTick
<LI><a href="#[126]">&gt;&gt;</a>&nbsp;&nbsp;&nbsp;HAL_TIM_Base_MspInit
<LI><a href="#[10b]">&gt;&gt;</a>&nbsp;&nbsp;&nbsp;HAL_PCD_MspInit
<LI><a href="#[cb]">&gt;&gt;</a>&nbsp;&nbsp;&nbsp;HAL_ADC_MspInit
<LI><a href="#[138]">&gt;&gt;</a>&nbsp;&nbsp;&nbsp;MX_GPDMA1_Init
</UL>

<P><STRONG><a name="[df]"></a>HAL_NVIC_SetPriorityGrouping</STRONG> (Thumb, 16 bytes, Stack size 16 bytes, stm32u5xx_hal_cortex.o(.text.HAL_NVIC_SetPriorityGrouping))
<BR><BR>[Stack]<UL><LI>Max Depth = 28<LI>Call Chain = HAL_NVIC_SetPriorityGrouping &rArr; __NVIC_SetPriorityGrouping
</UL>
<BR>[Calls]<UL><LI><a href="#[ec]">&gt;&gt;</a>&nbsp;&nbsp;&nbsp;__NVIC_SetPriorityGrouping
</UL>
<BR>[Called By]<UL><LI><a href="#[e2]">&gt;&gt;</a>&nbsp;&nbsp;&nbsp;HAL_MspInit
<LI><a href="#[de]">&gt;&gt;</a>&nbsp;&nbsp;&nbsp;HAL_Init
</UL>

[...]
<LI>Call Chain = MX_USB_OTG_FS_PCD_Init &rArr; HAL_PCD_Init &rArr; HAL_PCD_MspInit &rArr; HAL_RCCEx_PeriphCLKConfig &rArr; RCCEx_PLL3_Config
</UL>
<BR>[Calls]<UL><LI><a href="#[10a]">&gt;&gt;</a>&nbsp;&nbsp;&nbsp;HAL_PCD_Init
<LI><a href="#[d5]">&gt;&gt;</a>&nbsp;&nbsp;&nbsp;Error_Handler
</UL>
<BR>[Called By]<UL><LI><a href="#[8f]">&gt;&gt;</a>&nbsp;&nbsp;&nbsp;main
</UL>

<P><STRONG><a name="[14f]"></a>SystemPower_Config</STRONG> (Thumb, 24 bytes, Stack size 8 bytes, main.o(.text.SystemPower_Config))
<BR><BR>[Stack]<UL><LI>Max Depth = 28<LI>Call Chain = SystemPower_Config &rArr; HAL_PWREx_ConfigSupply
</UL>
<BR>[Calls]<UL><LI><a href="#[150]">&gt;&gt;</a>&nbsp;&nbsp;&nbsp;HAL_PWREx_EnableVddIO2
<LI><a href="#[151]">&gt;&gt;</a>&nbsp;&nbsp;&nbsp;HAL_PWREx_ConfigSupply
<LI><a href="#[d5]">&gt;&gt;</a>&nbsp;&nbsp;&nbsp;Error_Handler
</UL>
<BR>[Called By]<UL><LI><a href="#[8f]">&gt;&gt;</a>&nbsp;&nbsp;&nbsp;main
</UL>

<P><STRONG><a name="[152]"></a>LL_ADC_REG_StartConversion</STRONG> (Thumb, 28 bytes, Stack size 4 bytes, stm32u5xx_it.o(.text.LL_ADC_REG_StartConversion))
<BR><BR>[Stack]<UL><LI>Max Depth = 4<LI>Call Chain = LL_ADC_REG_StartConversion
</UL>
<BR>[Called By]<UL><LI><a href="#[50]">&gt;&gt;</a>&nbsp;&nbsp;&nbsp;TIM16_IRQHandler
</UL>

<P><STRONG><a name="[b4]"></a>LL_ADC_Disable</STRONG> (Thumb, 28 bytes, Stack size 4 bytes, stm32u5xx_hal_adc.o(.text.LL_ADC_Disable))
<BR><BR>[Stack]<UL><LI>Max Depth = 4<LI>Call Chain = LL_ADC_Disable
</UL>
<BR>[Called By]<UL><LI><a href="#[b1]">&gt;&gt;</a>&nbsp;&nbsp;&nbsp;ADC_Disable
</UL>

<P><STRONG><a name="[cd]"></a>LL_ADC_DisableDeepPowerDown</STRONG> (Thumb, 24 bytes, Stack size 4 bytes, stm32u5xx_hal_adc.o(.text.LL_ADC_DisableDeepPowerDown))
<BR><BR>[Stack]<UL><LI>Max Depth = 4<LI>Call Chain = LL_ADC_DisableDeepPowerDown
</UL>
<BR>[Called By]<UL><LI><a href="#[ca]">&gt;&gt;</a>&nbsp;&nbsp;&nbsp;HAL_ADC_Init
</UL>

<P><STRONG><a name="[b7]"></a>LL_ADC_Enable</STRONG> (Thumb, 28 bytes, Stack size 4 bytes, stm32u5xx_hal_adc.o(.text.LL_ADC_Enable))
<BR><BR>[Stack]<UL><LI>Max Depth = 4<LI>Call Chain = LL_ADC_Enable
</UL>
<BR>[Called By]<UL><LI><a href="#[b6]">&gt;&gt;</a>&nbsp;&nbsp;&nbsp;ADC_Enable
</UL>

<P><STRONG><a name="[cf]"></a>LL_ADC_EnableInternalRegulator</STRONG> (Thumb, 30 bytes, Stack size 4 bytes, stm32u5xx_hal_adc.o(.text.LL_ADC_EnableInternalRegulator))
<BR><BR>[Stack]<UL><LI>Max Depth = 4<LI>Call Chain = LL_ADC_EnableInternalRegulator
</UL>
<BR>[Called By]<UL><LI><a href="#[ca]">&gt;&gt;</a>&nbsp;&nbsp;&nbsp;HAL_ADC_Init
</UL>

<P><STRONG><a name="[c5]"></a>LL_ADC_GetCommonPathInternalCh</STRONG> (Thumb, 16 bytes, Stack size 4 bytes, stm32u5xx_hal_adc.o(.text.LL_ADC_GetCommonPathInternalCh))
<BR><BR>[Stack]<UL><LI>Max Depth = 4<LI>Call Chain = LL_ADC_GetCommonPathInternalCh
</UL>
<BR>[Called By]<UL><LI><a href="#[bc]">&gt;&gt;</a>&nbsp;&nbsp;&nbsp;HAL_ADC_ConfigChannel
</UL>

<P><STRONG><a name="[bf]"></a>LL_ADC_INJ_IsConversionOngoing</STRONG> (Thumb, 16 bytes, Stack size 4 bytes, stm32u5xx_hal_adc.o(.text.LL_ADC_INJ_IsConversionOngoing))
<BR><BR>[Stack]<UL><LI>Max Depth = 4<LI>Call Chain = LL_ADC_INJ_IsConversionOngoing
</UL>
<BR>[Called By]<UL><LI><a href="#[ca]">&gt;&gt;</a>&nbsp;&nbsp;&nbsp;HAL_ADC_Init
<LI><a href="#[bc]">&gt;&gt;</a>&nbsp;&nbsp;&nbsp;HAL_ADC_ConfigChannel
</UL>

<P><STRONG><a name="[cc]"></a>LL_ADC_IsDeepPowerDownEnabled</STRONG> (Thumb, 16 bytes, Stack size 4 bytes, stm32u5xx_hal_adc.o(.text.LL_ADC_IsDeepPowerDownEnabled))
<BR><BR>[Stack]<UL><LI>Max Depth = 4<LI>Call Chain = LL_ADC_IsDeepPowerDownEnabled
</UL>
<BR>[Called By]<UL><LI><a href="#[ca]">&gt;&gt;</a>&nbsp;&nbsp;&nbsp;HAL_ADC_Init
</UL>

<P><STRONG><a name="[b2]"></a>LL_ADC_IsDisableOngoing</STRONG> (Thumb, 16 bytes, Stack size 4 bytes, stm32u5xx_hal_adc.o(.text.LL_ADC_IsDisableOngoing))
<BR><BR>[Stack]<UL><LI>Max Depth = 4<LI>Call Chain = LL_ADC_IsDisableOngoing
</UL>
<BR>[Called By]<UL><LI><a href="#[b1]">&gt;&gt;</a>&nbsp;&nbsp;&nbsp;ADC_Disable
</UL>

<P><STRONG><a name="[b3]"></a>LL_ADC_IsEnabled</STRONG> (Thumb, 16 bytes, Stack size 4 bytes, stm32u5xx_hal_adc.o(.text.LL_ADC_IsEnabled))
<BR><BR>[Stack]<UL><LI>Max Depth = 4<LI>Call Chain = LL_ADC_IsEnabled
</UL>
<BR>[Called By]<UL><LI><a href="#[b6]">&gt;&gt;</a>&nbsp;&nbsp;&nbsp;ADC_Enable
<LI><a href="#[b1]">&gt;&gt;</a>&nbsp;&nbsp;&nbsp;ADC_Disable
<LI><a href="#[ca]">&gt;&gt;</a>&nbsp;&nbsp;&nbsp;HAL_ADC_Init
<LI><a href="#[bc]">&gt;&gt;</a>&nbsp;&nbsp;&nbsp;HAL_ADC_ConfigChannel
</UL>

<P><STRONG><a name="[ce]"></a>LL_ADC_IsInternalRegulatorEnabled</STRONG> (Thumb, 16 bytes, Stack size 4 bytes, stm32u5xx_hal_adc.o(.text.LL_ADC_IsInternalRegulatorEnabled))
<BR><BR>[Stack]<UL><LI>Max Depth = 4<LI>Call Chain = LL_ADC_IsInternalRegulatorEnabled
</UL>
<BR>[Called By]<UL><LI><a href="#[ca]">&gt;&gt;</a>&nbsp;&nbsp;&nbsp;HAL_ADC_Init
</UL>

<P><STRONG><a name="[bd]"></a>LL_ADC_REG_IsConversionOngoing</STRONG> (Thumb, 16 bytes, Stack size 4 bytes, stm32u5xx_hal_adc.o(.text.LL_ADC_REG_IsConversionOngoing))
<BR><BR>[Stack]<UL><LI>Max Depth = 4<LI>Call Chain = LL_ADC_REG_IsConversionOngoing
</UL>
<BR>[Called By]<UL><LI><a href="#[d9]">&gt;&gt;</a>&nbsp;&nbsp;&nbsp;HAL_ADC_Start_IT
<LI><a href="#[ca]">&gt;&gt;</a>&nbsp;&nbsp;&nbsp;HAL_ADC_Init
<LI><a href="#[bc]">&gt;&gt;</a>&nbsp;&nbsp;&nbsp;HAL_ADC_ConfigChannel
</UL>

<P><STRONG><a name="[c8]"></a>LL_ADC_REG_SetSequencerChAdd</STRONG> (Thumb, 90 bytes, Stack size 20 bytes, stm32u5xx_hal_adc.o(.text.LL_ADC_REG_SetSequencerChAdd))
<BR><BR>[Stack]<UL><LI>Max Depth = 20<LI>Call Chain = LL_ADC_REG_SetSequencerChAdd
</UL>
<BR>[Called By]<UL><LI><a href="#[bc]">&gt;&gt;</a>&nbsp;&nbsp;&nbsp;HAL_ADC_ConfigChannel
</UL>

<P><STRONG><a name="[c9]"></a>LL_ADC_REG_SetSequencerChRem</STRONG> (Thumb, 30 bytes, Stack size 8 bytes, stm32u5xx_hal_adc.o(.text.LL_ADC_REG_SetSequencerChRem))
<BR><BR>[Stack]<UL><LI>Max Depth = 8<LI>Call Chain = LL_ADC_REG_SetSequencerChRem
</UL>
<BR>[Called By]<UL><LI><a href="#[bc]">&gt;&gt;</a>&nbsp;&nbsp;&nbsp;HAL_ADC_ConfigChannel
</UL>

<P><STRONG><a name="[be]"></a>LL_ADC_REG_SetSequencerRanks</STRONG> (Thumb, 174 bytes, Stack size 32 bytes, stm32u5xx_hal_adc.o(.text.LL_ADC_REG_SetSequencerRanks))
<BR><BR>[Stack]<UL><LI>Max Depth = 32<LI>Call Chain = LL_ADC_REG_SetSequencerRanks
</UL>
<BR>[Called By]<UL><LI><a href="#[bc]">&gt;&gt;</a>&nbsp;&nbsp;&nbsp;HAL_ADC_ConfigChannel
</UL>

<P><STRONG><a name="[da]"></a>LL_ADC_REG_StartConversion</STRONG> (Thumb, 28 bytes, Stack size 4 bytes, stm32u5xx_hal_adc.o(.text.LL_ADC_REG_StartConversion))
<BR><BR>[Stack]<UL><LI>Max Depth = 4<LI>Call Chain = LL_ADC_REG_StartConversion
</UL>
<BR>[Called By]<UL><LI><a href="#[d9]">&gt;&gt;</a>&nbsp;&nbsp;&nbsp;HAL_ADC_Start_IT
</UL>

<P><STRONG><a name="[c0]"></a>LL_ADC_SetChannelSamplingTime</STRONG> (Thumb, 242 bytes, Stack size 48 bytes, stm32u5xx_hal_adc.o(.text.LL_ADC_SetChannelSamplingTime))
<BR><BR>[Stack]<UL><LI>Max Depth = 48<LI>Call Chain = LL_ADC_SetChannelSamplingTime
</UL>
<BR>[Called By]<UL><LI><a href="#[bc]">&gt;&gt;</a>&nbsp;&nbsp;&nbsp;HAL_ADC_ConfigChannel
</UL>

<P><STRONG><a name="[c4]"></a>LL_ADC_SetChannelSingleDiff</STRONG> (Thumb, 52 bytes, Stack size 12 bytes, stm32u5xx_hal_adc.o(.text.LL_ADC_SetChannelSingleDiff))
<BR><BR>[Stack]<UL><LI>Max Depth = 12<LI>Call Chain = LL_ADC_SetChannelSingleDiff
</UL>
<BR>[Called By]<UL><LI><a href="#[bc]">&gt;&gt;</a>&nbsp;&nbsp;&nbsp;HAL_ADC_ConfigChannel
</UL>

<P><STRONG><a name="[d0]"></a>LL_ADC_SetCommonClock</STRONG> (Thumb, 26 bytes, Stack size 8 bytes, stm32u5xx_hal_adc.o(.text.LL_ADC_SetCommonClock))
<BR><BR>[Stack]<UL><LI>Max Depth = 8<LI>Call Chain = LL_ADC_SetCommonClock
</UL>
<BR>[Called By]<UL><LI><a href="#[ca]">&gt;&gt;</a>&nbsp;&nbsp;&nbsp;HAL_ADC_Init
</UL>

<P><STRONG><a name="[c6]"></a>LL_ADC_SetCommonPathInternalCh</STRONG> (Thumb, 26 bytes, Stack size 8 bytes, stm32u5xx_hal_adc.o(.text.LL_ADC_SetCommonPathInternalCh))
<BR><BR>[Stack]<UL><LI>Max Depth = 8<LI>Call Chain = LL_ADC_SetCommonPathInternalCh
</UL>
<BR>[Called By]<UL><LI><a href="#[bc]">&gt;&gt;</a>&nbsp;&nbsp;&nbsp;HAL_ADC_ConfigChannel
</UL>

<P><STRONG><a name="[d1]"></a>LL_ADC_SetGainCompensation</STRONG> (Thumb, 52 bytes, Stack size 8 bytes, stm32u5xx_hal_adc.o(.text.LL_ADC_SetGainCompensation))
<BR><BR>[Stack]<UL><LI>Max Depth = 8<LI>Call Chain = LL_ADC_SetGainCompensation
</UL>
<BR>[Called By]<UL><LI><a href="#[ca]">&gt;&gt;</a>&nbsp;&nbsp;&nbsp;HAL_ADC_Init
</UL>

<P><STRONG><a name="[c1]"></a>LL_ADC_SetOffset</STRONG> (Thumb, 52 bytes, Stack size 20 bytes, stm32u5xx_hal_adc.o(.text.LL_ADC_SetOffset))
<BR><BR>[Stack]<UL><LI>Max Depth = 20<LI>Call Chain = LL_ADC_SetOffset
</UL>
<BR>[Called By]<UL><LI><a href="#[bc]">&gt;&gt;</a>&nbsp;&nbsp;&nbsp;HAL_ADC_ConfigChannel
</UL>

<P><STRONG><a name="[c2]"></a>LL_ADC_SetOffsetSign</STRONG> (Thumb, 40 bytes, Stack size 16 bytes, stm32u5xx_hal_adc.o(.text.LL_ADC_SetOffsetSign))
<BR><BR>[Stack]<UL><LI>Max Depth = 16<LI>Call Chain = LL_ADC_SetOffsetSign
</UL>
<BR>[Called By]<UL><LI><a href="#[bc]">&gt;&gt;</a>&nbsp;&nbsp;&nbsp;HAL_ADC_ConfigChannel
</UL>

<P><STRONG><a name="[c3]"></a>LL_ADC_SetOffsetSignedSaturation</STRONG> (Thumb, 40 bytes, Stack size 16 bytes, stm32u5xx_hal_adc.o(.text.LL_ADC_SetOffsetSignedSaturation))
<BR><BR>[Stack]<UL><LI>Max Depth = 16<LI>Call Chain = LL_ADC_SetOffsetSignedSaturation
</UL>
<BR>[Called By]<UL><LI><a href="#[bc]">&gt;&gt;</a>&nbsp;&nbsp;&nbsp;HAL_ADC_ConfigChannel
</UL>

<P><STRONG><a name="[d2]"></a>LL_ADC_SetSamplingTimeCommonChannels</STRONG> (Thumb, 38 bytes, Stack size 12 bytes, stm32u5xx_hal_adc.o(.text.LL_ADC_SetSamplingTimeCommonChannels))
<BR><BR>[Stack]<UL><LI>Max Depth = 12<LI>Call Chain = LL_ADC_SetSamplingTimeCommonChannels
</UL>
<BR>[Called By]<UL><LI><a href="#[ca]">&gt;&gt;</a>&nbsp;&nbsp;&nbsp;HAL_ADC_Init
</UL>

<P><STRONG><a name="[bb]"></a>LL_ADC_IsCalibrationOnGoing</STRONG> (Thumb, 14 bytes, Stack size 4 bytes, stm32u5xx_hal_adc_ex.o(.text.LL_ADC_IsCalibrationOnGoing))
<BR><BR>[Stack]<UL><LI>Max Depth = 4<LI>Call Chain = LL_ADC_IsCalibrationOnGoing
</UL>
<BR>[Called By]<UL><LI><a href="#[b9]">&gt;&gt;</a>&nbsp;&nbsp;&nbsp;HAL_ADCEx_Calibration_Start
</UL>

<P><STRONG><a name="[ba]"></a>LL_ADC_StartCalibration</STRONG> (Thumb, 76 bytes, Stack size 8 bytes, stm32u5xx_hal_adc_ex.o(.text.LL_ADC_StartCalibration))
<BR><BR>[Stack]<UL><LI>Max Depth = 8<LI>Call Chain = LL_ADC_StartCalibration
</UL>
<BR>[Called By]<UL><LI><a href="#[b9]">&gt;&gt;</a>&nbsp;&nbsp;&nbsp;HAL_ADCEx_Calibration_Start
</UL>

<P><STRONG><a name="[dc]"></a>DMA_List_Init</STRONG> (Thumb, 1040 bytes, Stack size 16 bytes, stm32u5xx_hal_dma_ex.o(.text.DMA_List_Init))
<BR><BR>[Stack]<UL><LI>Max Depth = 16<LI>Call Chain = DMA_List_Init
</UL>
<BR>[Called By]<UL><LI><a href="#[db]">&gt;&gt;</a>&nbsp;&nbsp;&nbsp;HAL_DMAEx_List_Init
</UL>

<P><STRONG><a name="[11e]"></a>RCC_SetFlashLatencyFromMSIRange</STRONG> (Thumb, 322 bytes, Stack size 32 bytes, stm32u5xx_hal_rcc.o(.text.RCC_SetFlashLatencyFromMSIRange))
<BR><BR>[Stack]<UL><LI>Max Depth = 32<LI>Call Chain = RCC_SetFlashLatencyFromMSIRange
</UL>
<BR>[Calls]<UL><LI><a href="#[14a]">&gt;&gt;</a>&nbsp;&nbsp;&nbsp;HAL_PWREx_GetVoltageRange
</UL>
<BR>[Called By]<UL><LI><a href="#[11d]">&gt;&gt;</a>&nbsp;&nbsp;&nbsp;HAL_RCC_OscConfig
</UL>

<P><STRONG><a name="[11a]"></a>RCCEx_PLL2_Config</STRONG> (Thumb, 372 bytes, Stack size 24 bytes, stm32u5xx_hal_rcc_ex.o(.text.RCCEx_PLL2_Config))
<BR><BR>[Stack]<UL><LI>Max Depth = 24<LI>Call Chain = RCCEx_PLL2_Config
</UL>
<BR>[Calls]<UL><LI><a href="#[b5]">&gt;&gt;</a>&nbsp;&nbsp;&nbsp;HAL_GetTick
</UL>
<BR>[Called By]<UL><LI><a href="#[d4]">&gt;&gt;</a>&nbsp;&nbsp;&nbsp;HAL_RCCEx_PeriphCLKConfig
</UL>

<P><STRONG><a name="[11b]"></a>RCCEx_PLL3_Config</STRONG> (Thumb, 372 bytes, Stack size 24 bytes, stm32u5xx_hal_rcc_ex.o(.text.RCCEx_PLL3_Config))
<BR><BR>[Stack]<UL><LI>Max Depth = 24<LI>Call Chain = RCCEx_PLL3_Config
</UL>
<BR>[Calls]<UL><LI><a href="#[b5]">&gt;&gt;</a>&nbsp;&nbsp;&nbsp;HAL_GetTick
</UL>
<BR>[Called By]<UL><LI><a href="#[d4]">&gt;&gt;</a>&nbsp;&nbsp;&nbsp;HAL_RCCEx_PeriphCLKConfig
</UL>

<P><STRONG><a name="[ea]"></a>NVIC_EncodePriority</STRONG> (Thumb, 108 bytes, Stack size 32 bytes, stm32u5xx_hal_cortex.o(.text.NVIC_EncodePriority))
<BR><BR>[Stack]<UL><LI>Max Depth = 32<LI>Call Chain = NVIC_EncodePriority
</UL>
<BR>[Called By]<UL><LI><a href="#[d7]">&gt;&gt;</a>&nbsp;&nbsp;&nbsp;HAL_NVIC_SetPriority
</UL>

<P><STRONG><a name="[124]"></a>SysTick_Config</STRONG> (Thumb, 82 bytes, Stack size 16 bytes, stm32u5xx_hal_cortex.o(.text.SysTick_Config))
<BR><BR>[Stack]<UL><LI>Max Depth = 24<LI>Call Chain = SysTick_Config &rArr; __NVIC_SetPriority
</UL>
<BR>[Calls]<UL><LI><a href="#[eb]">&gt;&gt;</a>&nbsp;&nbsp;&nbsp;__NVIC_SetPriority
</UL>
<BR>[Called By]<UL><LI><a href="#[e3]">&gt;&gt;</a>&nbsp;&nbsp;&nbsp;HAL_SYSTICK_Config
</UL>

<P><STRONG><a name="[e8]"></a>__NVIC_EnableIRQ</STRONG> (Thumb, 48 bytes, Stack size 4 bytes, stm32u5xx_hal_cortex.o(.text.__NVIC_EnableIRQ))
<BR><BR>[Stack]<UL><LI>Max Depth = 4<LI>Call Chain = __NVIC_EnableIRQ
</UL>
<BR>[Called By]<UL><LI><a href="#[d8]">&gt;&gt;</a>&nbsp;&nbsp;&nbsp;HAL_NVIC_EnableIRQ
</UL>

<P><STRONG><a name="[e9]"></a>__NVIC_GetPriorityGrouping</STRONG> (Thumb, 16 bytes, Stack size 0 bytes, stm32u5xx_hal_cortex.o(.text.__NVIC_GetPriorityGrouping))
<BR><BR>[Called By]<UL><LI><a href="#[d7]">&gt;&gt;</a>&nbsp;&nbsp;&nbsp;HAL_NVIC_SetPriority
</UL>

<P><STRONG><a name="[eb]"></a>__NVIC_SetPriority</STRONG> (Thumb, 66 bytes, Stack size 8 bytes, stm32u5xx_hal_cortex.o(.text.__NVIC_SetPriority))
<BR><BR>[Stack]<UL><LI>Max Depth = 8<LI>Call Chain = __NVIC_SetPriority
</UL>
<BR>[Called By]<UL><LI><a href="#[d7]">&gt;&gt;</a>&nbsp;&nbsp;&nbsp;HAL_NVIC_SetPriority
<LI><a href="#[124]">&gt;&gt;</a>&nbsp;&nbsp;&nbsp;SysTick_Config
</UL>

<P><STRONG><a name="[ec]"></a>__NVIC_SetPriorityGrouping</STRONG> (Thumb, 60 bytes, Stack size 12 bytes, stm32u5xx_hal_cortex.o(.text.__NVIC_SetPriorityGrouping))
<BR><BR>[Stack]<UL><LI>Max Depth = 12<LI>Call Chain = __NVIC_SetPriorityGrouping
</UL>
<BR>[Called By]<UL><LI><a href="#[df]">&gt;&gt;</a>&nbsp;&nbsp;&nbsp;HAL_NVIC_SetPriorityGrouping
</UL>

<P><STRONG><a name="[122]"></a>SPI_CloseTransfer</STRONG> (Thumb, 278 bytes, Stack size 8 bytes, stm32u5xx_hal_spi.o(.text.SPI_CloseTransfer))
<BR><BR>[Stack]<UL><LI>Max Depth = 8<LI>Call Chain = SPI_CloseTransfer
</UL>
<BR>[Called By]<UL><LI><a href="#[ae]">&gt;&gt;</a>&nbsp;&nbsp;&nbsp;HAL_SPI_Transmit
</UL>

<P><STRONG><a name="[120]"></a>SPI_GetPacketSize</STRONG> (Thumb, 44 bytes, Stack size 12 bytes, stm32u5xx_hal_spi.o(.text.SPI_GetPacketSize))
<BR><BR>[Stack]<UL><LI>Max Depth = 12<LI>Call Chain = SPI_GetPacketSize
</UL>
<BR>[Called By]<UL><LI><a href="#[11f]">&gt;&gt;</a>&nbsp;&nbsp;&nbsp;HAL_SPI_Init
</UL>

<P><STRONG><a name="[123]"></a>SPI_WaitOnFlagUntilTimeout</STRONG> (Thumb, 104 bytes, Stack size 32 bytes, stm32u5xx_hal_spi.o(.text.SPI_WaitOnFlagUntilTimeout))
<BR><BR>[Stack]<UL><LI>Max Depth = 32<LI>Call Chain = SPI_WaitOnFlagUntilTimeout
</UL>
<BR>[Calls]<UL><LI><a href="#[b5]">&gt;&gt;</a>&nbsp;&nbsp;&nbsp;HAL_GetTick
</UL>
<BR>[Called By]<UL><LI><a href="#[ae]">&gt;&gt;</a>&nbsp;&nbsp;&nbsp;HAL_SPI_Transmit
</UL>

<P><STRONG><a name="[134]"></a>LL_GPIO_SetAFPin_0_7</STRONG> (Thumb, 124 bytes, Stack size 40 bytes, stm32u5xx_ll_gpio.o(.text.LL_GPIO_SetAFPin_0_7))
<BR><BR>[Stack]<UL><LI>Max Depth = 40<LI>Call Chain = LL_GPIO_SetAFPin_0_7
</UL>
<BR>[Called By]<UL><LI><a href="#[130]">&gt;&gt;</a>&nbsp;&nbsp;&nbsp;LL_GPIO_Init
</UL>

<P><STRONG><a name="[135]"></a>LL_GPIO_SetAFPin_8_15</STRONG> (Thumb, 128 bytes, Stack size 40 bytes, stm32u5xx_ll_gpio.o(.text.LL_GPIO_SetAFPin_8_15))
<BR><BR>[Stack]<UL><LI>Max Depth = 40<LI>Call Chain = LL_GPIO_SetAFPin_8_15
</UL>
<BR>[Called By]<UL><LI><a href="#[130]">&gt;&gt;</a>&nbsp;&nbsp;&nbsp;LL_GPIO_Init
</UL>

<P><STRONG><a name="[131]"></a>LL_GPIO_SetPinMode</STRONG> (Thumb, 124 bytes, Stack size 40 bytes, stm32u5xx_ll_gpio.o(.text.LL_GPIO_SetPinMode))
<BR><BR>[Stack]<UL><LI>Max Depth = 40<LI>Call Chain = LL_GPIO_SetPinMode
</UL>
<BR>[Called By]<UL><LI><a href="#[130]">&gt;&gt;</a>&nbsp;&nbsp;&nbsp;LL_GPIO_Init
</UL>

<P><STRONG><a name="[136]"></a>LL_GPIO_SetPinOutputType</STRONG> (Thumb, 32 bytes, Stack size 12 bytes, stm32u5xx_ll_gpio.o(.text.LL_GPIO_SetPinOutputType))
<BR><BR>[Stack]<UL><LI>Max Depth = 12<LI>Call Chain = LL_GPIO_SetPinOutputType
</UL>
<BR>[Called By]<UL><LI><a href="#[130]">&gt;&gt;</a>&nbsp;&nbsp;&nbsp;LL_GPIO_Init
</UL>

<P><STRONG><a name="[133]"></a>LL_GPIO_SetPinPull</STRONG> (Thumb, 124 bytes, Stack size 40 bytes, stm32u5xx_ll_gpio.o(.text.LL_GPIO_SetPinPull))
<BR><BR>[Stack]<UL><LI>Max Depth = 40<LI>Call Chain = LL_GPIO_SetPinPull
</UL>
<BR>[Called By]<UL><LI><a href="#[130]">&gt;&gt;</a>&nbsp;&nbsp;&nbsp;LL_GPIO_Init
</UL>

<P><STRONG><a name="[132]"></a>LL_GPIO_SetPinSpeed</STRONG> (Thumb, 124 bytes, Stack size 40 bytes, stm32u5xx_ll_gpio.o(.text.LL_GPIO_SetPinSpeed))
<BR><BR>[Stack]<UL><LI>Max Depth = 40<LI>Call Chain = LL_GPIO_SetPinSpeed
</UL>
<BR>[Called By]<UL><LI><a href="#[130]">&gt;&gt;</a>&nbsp;&nbsp;&nbsp;LL_GPIO_Init
</UL>

<P><STRONG><a name="[129]"></a>UARTEx_SetNbDataToProcess</STRONG> (Thumb, 138 bytes, Stack size 8 bytes, stm32u5xx_hal_uart_ex.o(.text.UARTEx_SetNbDataToProcess))
<BR><BR>[Stack]<UL><LI>Max Depth = 8<LI>Call Chain = UARTEx_SetNbDataToProcess
</UL>
<BR>[Called By]<UL><LI><a href="#[12a]">&gt;&gt;</a>&nbsp;&nbsp;&nbsp;HAL_UARTEx_SetTxFifoThreshold
<LI><a href="#[128]">&gt;&gt;</a>&nbsp;&nbsp;&nbsp;HAL_UARTEx_SetRxFifoThreshold
</UL>

<P><STRONG><a name="[f6]"></a>PCD_EP_OutSetupPacket_int</STRONG> (Thumb, 138 bytes, Stack size 32 bytes, stm32u5xx_hal_pcd.o(.text.PCD_EP_OutSetupPacket_int))
<BR><BR>[Stack]<UL><LI>Max Depth = 56<LI>Call Chain = PCD_EP_OutSetupPacket_int &rArr; USB_EP0_OutStart
</UL>
<BR>[Calls]<UL><LI><a href="#[fa]">&gt;&gt;</a>&nbsp;&nbsp;&nbsp;USB_EP0_OutStart
<LI><a href="#[147]">&gt;&gt;</a>&nbsp;&nbsp;&nbsp;HAL_PCD_SetupStageCallback
</UL>
<BR>[Called By]<UL><LI><a href="#[ef]">&gt;&gt;</a>&nbsp;&nbsp;&nbsp;HAL_PCD_IRQHandler
</UL>

<P><STRONG><a name="[f5]"></a>PCD_EP_OutXfrComplete_int</STRONG> (Thumb, 456 bytes, Stack size 40 bytes, stm32u5xx_hal_pcd.o(.text.PCD_EP_OutXfrComplete_int))
<BR><BR>[Stack]<UL><LI>Max Depth = 64<LI>Call Chain = PCD_EP_OutXfrComplete_int &rArr; USB_EP0_OutStart
</UL>
<BR>[Calls]<UL><LI><a href="#[fa]">&gt;&gt;</a>&nbsp;&nbsp;&nbsp;USB_EP0_OutStart
<LI><a href="#[148]">&gt;&gt;</a>&nbsp;&nbsp;&nbsp;HAL_PCD_DataOutStageCallback
</UL>
<BR>[Called By]<UL><LI><a href="#[ef]">&gt;&gt;</a>&nbsp;&nbsp;&nbsp;HAL_PCD_IRQHandler
</UL>

<P><STRONG><a name="[fe]"></a>PCD_WriteEmptyTxFifo</STRONG> (Thumb, 306 bytes, Stack size 56 bytes, stm32u5xx_hal_pcd.o(.text.PCD_WriteEmptyTxFifo))
<BR><BR>[Stack]<UL><LI>Max Depth = 96<LI>Call Chain = PCD_WriteEmptyTxFifo &rArr; USB_WritePacket
</UL>
<BR>[Calls]<UL><LI><a href="#[149]">&gt;&gt;</a>&nbsp;&nbsp;&nbsp;USB_WritePacket
</UL>
<BR>[Called By]<UL><LI><a href="#[ef]">&gt;&gt;</a>&nbsp;&nbsp;&nbsp;HAL_PCD_IRQHandler
</UL>

<P><STRONG><a name="[156]"></a>USB_CoreReset</STRONG> (Thumb, 130 bytes, Stack size 12 bytes, stm32u5xx_ll_usb.o(.text.USB_CoreReset))
<BR><BR>[Stack]<UL><LI>Max Depth = 12<LI>Call Chain = USB_CoreReset
</UL>
<BR>[Called By]<UL><LI><a href="#[10d]">&gt;&gt;</a>&nbsp;&nbsp;&nbsp;USB_CoreInit
</UL>

<P><STRONG><a name="[17a]"></a>_dadd1</STRONG> (Thumb, 0 bytes, Stack size unknown bytes, daddsub_clz.o(x$fpl$dadd), UNUSED)
<BR><BR>[Called By]<UL><LI><a href="#[17b]">&gt;&gt;</a>&nbsp;&nbsp;&nbsp;_dsub
<LI><a href="#[179]">&gt;&gt;</a>&nbsp;&nbsp;&nbsp;_drsb
</UL>

<P><STRONG><a name="[16b]"></a>_dsub1</STRONG> (Thumb, 0 bytes, Stack size unknown bytes, daddsub_clz.o(x$fpl$dsub), UNUSED)
<BR><BR>[Called By]<UL><LI><a href="#[179]">&gt;&gt;</a>&nbsp;&nbsp;&nbsp;_drsb
<LI><a href="#[16a]">&gt;&gt;</a>&nbsp;&nbsp;&nbsp;_dadd
</UL>
<P>
<H3>
Undefined Global Symbols
</H3><HR></body></html>
