<html>
<body>
<pre>
<h1>µVision Build Log</h1>
<h2>Tool Versions:</h2>
IDE-Version: µVision V5.28.0.0
Copyright (C) 2019 ARM Ltd and ARM Germany GmbH. All rights reserved.
License Information: yix l, yim, LIC=4ZLNN-YKNN4-484FA-1WB38-SV4Y1-LN1PX
 
Tool Versions:
Toolchain:       MDK-ARM Professional  Version: 5.28.0.0
Toolchain Path:  C:\Keil_v5\ARM\ARMCLANG\Bin
C Compiler:      ArmClang.exe V6.12
Assembler:       Armasm.exe V6.12
Linker/Locator:  ArmLink.exe V6.12
Library Manager: ArmAr.exe V6.12
Hex Converter:   FromElf.exe V6.12
CPU DLL:         
Dialog DLL:      
Target DLL:      STLink\ST-LINKIII-KEIL_SWO.dll V3.0.6.0
Dialog DLL:      TCM.DLL V1.36.2.0
 
<h2>Project:</h2>
C:\code\uC\PMU_Controller\MDK-ARM\PMU_controller_STM32U5.uvprojx
Project File Date:  08/05/2022

<h2>Output:</h2>
*** Using Compiler 'V6.12', folder: 'C:\Keil_v5\ARM\ARMCLANG\Bin'
Build target 'PMU_controller_STM32U5'
compiling main.c...
linking...
Program Size: Code=35220 RO-data=872 RW-data=16 ZI-data=5112  
FromELF: creating hex file...
"PMU_controller_STM32U5\PMU_controller_STM32U5.axf" - 0 Error(s), 0 Warning(s).

<h2>Software Packages used:</h2>

Package Vendor: ARM
                http://www.keil.com/pack/ARM.CMSIS.5.7.0.pack
                ARM.CMSIS.5.7.0
                CMSIS (Cortex Microcontroller Software Interface Standard)
   * Component: CORE Version: 5.4.0

Package Vendor: Keil
                https://www.keil.com/pack/Keil.STM32U5xx_DFP.2.0.0.pack
                Keil.STM32U5xx_DFP.2.0.0
                STMicroelectronics STM32U5 Series Device Support

<h2>Collection of Component include folders:</h2>
  .\RTE\_PMU_controller_STM32U5
  C:\Users\aeria\AppData\Local\Arm\Packs\ARM\CMSIS\5.7.0\CMSIS\Core\Include
  C:\Users\aeria\AppData\Local\Arm\Packs\Keil\STM32U5xx_DFP\2.0.0\Drivers\CMSIS\Device\ST\STM32U5xx\Include

<h2>Collection of Component Files used:</h2>

   * Component: ARM::CMSIS:CORE:5.4.0
      Include file:  CMSIS\Core\Include\tz_context.h
Build Time Elapsed:  00:00:02
</pre>
</body>
</html>
